Component: ARM Compiler 5.06 update 6 (build 750) Tool: armlink [4d35ed]

==============================================================================

Section Cross References

    startup_stm32f407xx.o(RESET) refers to startup_stm32f407xx.o(STACK) for __initial_sp
    startup_stm32f407xx.o(RESET) refers to startup_stm32f407xx.o(.text) for Reset_Handler
    startup_stm32f407xx.o(RESET) refers to stm32f4xx_it.o(i.NMI_Handler) for NMI_Handler
    startup_stm32f407xx.o(RESET) refers to stm32f4xx_it.o(i.HardFault_Handler) for HardFault_Handler
    startup_stm32f407xx.o(RESET) refers to stm32f4xx_it.o(i.MemManage_Handler) for MemManage_Handler
    startup_stm32f407xx.o(RESET) refers to stm32f4xx_it.o(i.BusFault_Handler) for BusFault_Handler
    startup_stm32f407xx.o(RESET) refers to stm32f4xx_it.o(i.UsageFault_Handler) for UsageFault_Handler
    startup_stm32f407xx.o(RESET) refers to stm32f4xx_it.o(i.SVC_Handler) for SVC_Handler
    startup_stm32f407xx.o(RESET) refers to stm32f4xx_it.o(i.DebugMon_Handler) for DebugMon_Handler
    startup_stm32f407xx.o(RESET) refers to stm32f4xx_it.o(i.PendSV_Handler) for PendSV_Handler
    startup_stm32f407xx.o(RESET) refers to stm32f4xx_it.o(i.SysTick_Handler) for SysTick_Handler
    startup_stm32f407xx.o(RESET) refers to stm32f4xx_it.o(i.OTG_FS_IRQHandler) for OTG_FS_IRQHandler
    startup_stm32f407xx.o(.text) refers to system_stm32f4xx.o(i.SystemInit) for SystemInit
    startup_stm32f407xx.o(.text) refers to entry.o(.ARM.Collect$$$$00000000) for __main
    main.o(i.MX_GPIO_Init) refers to memseta.o(.text) for __aeabi_memclr4
    main.o(i.MX_GPIO_Init) refers to stm32f4xx_hal_gpio.o(i.HAL_GPIO_WritePin) for HAL_GPIO_WritePin
    main.o(i.MX_GPIO_Init) refers to stm32f4xx_hal_gpio.o(i.HAL_GPIO_Init) for HAL_GPIO_Init
    main.o(i.MX_SPI1_Init) refers to stm32f4xx_hal_spi.o(i.HAL_SPI_Init) for HAL_SPI_Init
    main.o(i.MX_SPI1_Init) refers to main.o(.bss) for .bss
    main.o(i.SystemClock_Config) refers to memseta.o(.text) for __aeabi_memclr4
    main.o(i.SystemClock_Config) refers to stm32f4xx_hal_rcc.o(i.HAL_RCC_OscConfig) for HAL_RCC_OscConfig
    main.o(i.SystemClock_Config) refers to stm32f4xx_hal_rcc.o(i.HAL_RCC_ClockConfig) for HAL_RCC_ClockConfig
    main.o(i.SystemClock_Config) refers to stm32f4xx_hal_rcc_ex.o(i.HAL_RCCEx_PeriphCLKConfig) for HAL_RCCEx_PeriphCLKConfig
    main.o(i.main) refers to stm32f4xx_hal.o(i.HAL_Init) for HAL_Init
    main.o(i.main) refers to main.o(i.SystemClock_Config) for SystemClock_Config
    main.o(i.main) refers to main.o(i.MX_GPIO_Init) for MX_GPIO_Init
    main.o(i.main) refers to stm32f4xx_hal_i2c.o(i.HAL_I2C_Init) for HAL_I2C_Init
    main.o(i.main) refers to stm32f4xx_hal_i2s.o(i.HAL_I2S_Init) for HAL_I2S_Init
    main.o(i.main) refers to main.o(i.MX_SPI1_Init) for MX_SPI1_Init
    main.o(i.main) refers to usb_device.o(i.MX_USB_DEVICE_Init) for MX_USB_DEVICE_Init
    main.o(i.main) refers to printf5.o(i.__0printf$5) for __2printf
    main.o(i.main) refers to strstr.o(.text) for strstr
    main.o(i.main) refers to stm32f4xx_hal_gpio.o(i.HAL_GPIO_WritePin) for HAL_GPIO_WritePin
    main.o(i.main) refers to printf5.o(i.__0sprintf$5) for __2sprintf
    main.o(i.main) refers to strlen.o(.text) for strlen
    main.o(i.main) refers to usbd_cdc_if.o(i.CDC_Transmit_FS) for CDC_Transmit_FS
    main.o(i.main) refers to stm32f4xx_hal.o(i.HAL_Delay) for HAL_Delay
    main.o(i.main) refers to main.o(.bss) for .bss
    main.o(i.main) refers to main.o(.data) for .data
    usb_device.o(i.MX_USB_DEVICE_Init) refers to usbd_core.o(i.USBD_Init) for USBD_Init
    usb_device.o(i.MX_USB_DEVICE_Init) refers to usbd_core.o(i.USBD_RegisterClass) for USBD_RegisterClass
    usb_device.o(i.MX_USB_DEVICE_Init) refers to usbd_cdc.o(i.USBD_CDC_RegisterInterface) for USBD_CDC_RegisterInterface
    usb_device.o(i.MX_USB_DEVICE_Init) refers to usbd_core.o(i.USBD_Start) for USBD_Start
    usb_device.o(i.MX_USB_DEVICE_Init) refers to usbd_desc.o(.data) for FS_Desc
    usb_device.o(i.MX_USB_DEVICE_Init) refers to usb_device.o(.bss) for .bss
    usb_device.o(i.MX_USB_DEVICE_Init) refers to usbd_cdc.o(.data) for USBD_CDC
    usb_device.o(i.MX_USB_DEVICE_Init) refers to usbd_cdc_if.o(.data) for USBD_Interface_fops_FS
    usbd_conf.o(i.HAL_PCD_ConnectCallback) refers to usbd_core.o(i.USBD_LL_DevConnected) for USBD_LL_DevConnected
    usbd_conf.o(i.HAL_PCD_DataInStageCallback) refers to usbd_core.o(i.USBD_LL_DataInStage) for USBD_LL_DataInStage
    usbd_conf.o(i.HAL_PCD_DataOutStageCallback) refers to usbd_core.o(i.USBD_LL_DataOutStage) for USBD_LL_DataOutStage
    usbd_conf.o(i.HAL_PCD_DisconnectCallback) refers to usbd_core.o(i.USBD_LL_DevDisconnected) for USBD_LL_DevDisconnected
    usbd_conf.o(i.HAL_PCD_ISOINIncompleteCallback) refers to usbd_core.o(i.USBD_LL_IsoINIncomplete) for USBD_LL_IsoINIncomplete
    usbd_conf.o(i.HAL_PCD_ISOOUTIncompleteCallback) refers to usbd_core.o(i.USBD_LL_IsoOUTIncomplete) for USBD_LL_IsoOUTIncomplete
[...]
    i.HAL_GPIO_WritePin                      0x080005b4   Section        0  stm32f4xx_hal_gpio.o(i.HAL_GPIO_WritePin)
    i.HAL_GetTick                            0x080005c0   Section        0  stm32f4xx_hal.o(i.HAL_GetTick)
    i.HAL_I2C_Init                           0x080005cc   Section        0  stm32f4xx_hal_i2c.o(i.HAL_I2C_Init)
    i.HAL_I2C_MspInit                        0x080006d4   Section        0  stm32f4xx_hal_msp.o(i.HAL_I2C_MspInit)
    i.HAL_I2SEx_FullDuplex_IRQHandler        0x08000740   Section        0  stm32f4xx_hal_i2s_ex.o(i.HAL_I2SEx_FullDuplex_IRQHandler)
    i.HAL_I2SEx_TxRxCpltCallback             0x08000924   Section        0  stm32f4xx_hal_i2s_ex.o(i.HAL_I2SEx_TxRxCpltCallback)
    i.HAL_I2S_ErrorCallback                  0x08000926   Section        0  stm32f4xx_hal_i2s.o(i.HAL_I2S_ErrorCallback)
    i.HAL_I2S_Init                           0x08000928   Section        0  stm32f4xx_hal_i2s.o(i.HAL_I2S_Init)
    i.HAL_I2S_MspInit                        0x08000aa8   Section        0  stm32f4xx_hal_msp.o(i.HAL_I2S_MspInit)
    i.HAL_I2S_RxCpltCallback                 0x08000b38   Section        0  stm32f4xx_hal_i2s.o(i.HAL_I2S_RxCpltCallback)
    i.HAL_I2S_TxCpltCallback                 0x08000b3a   Section        0  stm32f4xx_hal_i2s.o(i.HAL_I2S_TxCpltCallback)
    i.HAL_IncTick                            0x08000b3c   Section        0  stm32f4xx_hal.o(i.HAL_IncTick)
    i.HAL_Init                               0x08000b4c   Section        0  stm32f4xx_hal.o(i.HAL_Init)
    i.HAL_InitTick                           0x08000b80   Section        0  stm32f4xx_hal.o(i.HAL_InitTick)
    i.HAL_MspInit                            0x08000bc0   Section        0  stm32f4xx_hal_msp.o(i.HAL_MspInit)
    i.HAL_NVIC_EnableIRQ                     0x08000bf4   Section        0  stm32f4xx_hal_cortex.o(i.HAL_NVIC_EnableIRQ)
    i.HAL_NVIC_SetPriority                   0x08000c0c   Section        0  stm32f4xx_hal_cortex.o(i.HAL_NVIC_SetPriority)
    i.HAL_NVIC_SetPriorityGrouping           0x08000c4c   Section        0  stm32f4xx_hal_cortex.o(i.HAL_NVIC_SetPriorityGrouping)
    i.HAL_PCDEx_SetRxFiFo                    0x08000c70   Section        0  stm32f4xx_hal_pcd_ex.o(i.HAL_PCDEx_SetRxFiFo)
    i.HAL_PCDEx_SetTxFiFo                    0x08000c78   Section        0  stm32f4xx_hal_pcd_ex.o(i.HAL_PCDEx_SetTxFiFo)
    i.HAL_PCD_ConnectCallback                0x08000cbc   Section        0  usbd_conf.o(i.HAL_PCD_ConnectCallback)
    i.HAL_PCD_DataInStageCallback            0x08000cc4   Section        0  usbd_conf.o(i.HAL_PCD_DataInStageCallback)
    i.HAL_PCD_DataOutStageCallback           0x08000cd6   Section        0  usbd_conf.o(i.HAL_PCD_DataOutStageCallback)
    i.HAL_PCD_DisconnectCallback             0x08000cea   Section        0  usbd_conf.o(i.HAL_PCD_DisconnectCallback)
    i.HAL_PCD_EP_Close                       0x08000cf2   Section        0  stm32f4xx_hal_pcd.o(i.HAL_PCD_EP_Close)
    i.HAL_PCD_EP_ClrStall                    0x08000d36   Section        0  stm32f4xx_hal_pcd.o(i.HAL_PCD_EP_ClrStall)
    i.HAL_PCD_EP_GetRxCount                  0x08000d86   Section        0  stm32f4xx_hal_pcd.o(i.HAL_PCD_EP_GetRxCount)
    i.HAL_PCD_EP_Open                        0x08000d9a   Section        0  stm32f4xx_hal_pcd.o(i.HAL_PCD_EP_Open)
    i.HAL_PCD_EP_Receive                     0x08000dee   Section        0  stm32f4xx_hal_pcd.o(i.HAL_PCD_EP_Receive)
    i.HAL_PCD_EP_SetStall                    0x08000e36   Section        0  stm32f4xx_hal_pcd.o(i.HAL_PCD_EP_SetStall)
    i.HAL_PCD_EP_Transmit                    0x08000e96   Section        0  stm32f4xx_hal_pcd.o(i.HAL_PCD_EP_Transmit)
    i.HAL_PCD_IRQHandler                     0x08000ed8   Section        0  stm32f4xx_hal_pcd.o(i.HAL_PCD_IRQHandler)
    i.HAL_PCD_ISOINIncompleteCallback        0x080013cc   Section        0  usbd_conf.o(i.HAL_PCD_ISOINIncompleteCallback)
    i.HAL_PCD_ISOOUTIncompleteCallback       0x080013d4   Section        0  usbd_conf.o(i.HAL_PCD_ISOOUTIncompleteCallback)
    i.HAL_PCD_Init                           0x080013dc   Section        0  stm32f4xx_hal_pcd.o(i.HAL_PCD_Init)
    i.HAL_PCD_MspInit                        0x0800149c   Section        0  usbd_conf.o(i.HAL_PCD_MspInit)
    i.HAL_PCD_ResetCallback                  0x08001514   Section        0  usbd_conf.o(i.HAL_PCD_ResetCallback)
    i.HAL_PCD_ResumeCallback                 0x08001534   Section        0  usbd_conf.o(i.HAL_PCD_ResumeCallback)
    i.HAL_PCD_SOFCallback                    0x0800153c   Section        0  usbd_conf.o(i.HAL_PCD_SOFCallback)
    i.HAL_PCD_SetAddress                     0x08001544   Section        0  stm32f4xx_hal_pcd.o(i.HAL_PCD_SetAddress)
    i.HAL_PCD_SetupStageCallback             0x08001568   Section        0  usbd_conf.o(i.HAL_PCD_SetupStageCallback)
    i.HAL_PCD_Start                          0x08001576   Section        0  stm32f4xx_hal_pcd.o(i.HAL_PCD_Start)
    i.HAL_PCD_SuspendCallback                0x080015a0   Section        0  usbd_conf.o(i.HAL_PCD_SuspendCallback)
    i.HAL_RCCEx_GetPeriphCLKFreq             0x080015d0   Section        0  stm32f4xx_hal_rcc_ex.o(i.HAL_RCCEx_GetPeriphCLKFreq)
    i.HAL_RCCEx_PeriphCLKConfig              0x0800162c   Section        0  stm32f4xx_hal_rcc_ex.o(i.HAL_RCCEx_PeriphCLKConfig)
    i.HAL_RCC_ClockConfig                    0x08001768   Section        0  stm32f4xx_hal_rcc.o(i.HAL_RCC_ClockConfig)
    i.HAL_RCC_GetHCLKFreq                    0x08001898   Section        0  stm32f4xx_hal_rcc.o(i.HAL_RCC_GetHCLKFreq)
    i.HAL_RCC_GetPCLK1Freq                   0x080018a4   Section        0  stm32f4xx_hal_rcc.o(i.HAL_RCC_GetPCLK1Freq)
    i.HAL_RCC_GetSysClockFreq                0x080018c4   Section        0  stm32f4xx_hal_rcc.o(i.HAL_RCC_GetSysClockFreq)
    i.HAL_RCC_OscConfig                      0x08001924   Section        0  stm32f4xx_hal_rcc.o(i.HAL_RCC_OscConfig)
    i.HAL_SPI_Init                           0x08001c40   Section        0  stm32f4xx_hal_spi.o(i.HAL_SPI_Init)
    i.HAL_SPI_MspInit                        0x08001cc0   Section        0  stm32f4xx_hal_msp.o(i.HAL_SPI_MspInit)
    i.HAL_SYSTICK_Config                     0x08001d28   Section        0  stm32f4xx_hal_cortex.o(i.HAL_SYSTICK_Config)
    i.HardFault_Handler                      0x08001d50   Section        0  stm32f4xx_it.o(i.HardFault_Handler)
    i.I2SEx_FullDuplexRx_IT                  0x08001d54   Section        0  stm32f4xx_hal_i2s_ex.o(i.I2SEx_FullDuplexRx_IT)
    I2SEx_FullDuplexRx_IT                    0x08001d55   Thumb Code   128  stm32f4xx_hal_i2s_ex.o(i.I2SEx_FullDuplexRx_IT)
    i.I2SEx_FullDuplexTx_IT                  0x08001ddc   Section        0  stm32f4xx_hal_i2s_ex.o(i.I2SEx_FullDuplexTx_IT)
    I2SEx_FullDuplexTx_IT                    0x08001ddd   Thumb Code   122  stm32f4xx_hal_i2s_ex.o(i.I2SEx_FullDuplexTx_IT)
    i.I2S_IRQHandler                         0x08001e60   Section        0  stm32f4xx_hal_i2s.o(i.I2S_IRQHandler)
    I2S_IRQHandler                           0x08001e61   Thumb Code   240  stm32f4xx_hal_i2s.o(i.I2S_IRQHandler)
    i.ITM_SendChar                           0x08001f50   Section        0  retarget_io.o(i.ITM_SendChar)
    i.MX_GPIO_Init                           0x08001f74   Section        0  main.o(i.MX_GPIO_Init)
    MX_GPIO_Init                             0x08001f75   Thumb Code   326  main.o(i.MX_GPIO_Init)
    i.MX_SPI1_Init                           0x080020d8   Section        0  main.o(i.MX_SPI1_Init)
    MX_SPI1_Init                             0x080020d9   Thumb Code    44  main.o(i.MX_SPI1_Init)
    i.MX_USB_DEVICE_Init                     0x0800210c   Section        0  usb_device.o(i.MX_USB_DEVICE_Init)
    i.MemManage_Handler                      0x08002144   Section        0  stm32f4xx_it.o(i.MemManage_Handler)
    i.NMI_Handler                            0x08002146   Section        0  stm32f4xx_it.o(i.NMI_Handler)
    i.NVIC_SetPriority                       0x08002148   Section        0  stm32f4xx_hal_cortex.o(i.NVIC_SetPriority)
    NVIC_SetPriority                         0x08002149   Thumb Code    32  stm32f4xx_hal_cortex.o(i.NVIC_SetPriority)
    i.OTG_FS_IRQHandler                      0x08002168   Section        0  stm32f4xx_it.o(i.OTG_FS_IRQHandler)
    i.PCD_WriteEmptyTxFifo                   0x08002174   Section        0  stm32f4xx_hal_pcd.o(i.PCD_WriteEmptyTxFifo)
    PCD_WriteEmptyTxFifo                     0x08002175   Thumb Code   136  stm32f4xx_hal_pcd.o(i.PCD_WriteEmptyTxFifo)
    i.PendSV_Handler                         0x080021fc   Section        0  stm32f4xx_it.o(i.PendSV_Handler)
    i.SVC_Handler                            0x080021fe   Section        0  stm32f4xx_it.o(i.SVC_Handler)
    i.SysTick_Handler                        0x08002200   Section        0  stm32f4xx_it.o(i.SysTick_Handler)
    i.SystemClock_Config                     0x08002204   Section        0  main.o(i.SystemClock_Config)
    i.SystemInit                             0x080022a0   Section        0  system_stm32f4xx.o(i.SystemInit)
    i.USBD_CDC_DataIn                        0x080022f4   Section        0  usbd_cdc.o(i.USBD_CDC_DataIn)
    USBD_CDC_DataIn                          0x080022f5   Thumb Code    20  usbd_cdc.o(i.USBD_CDC_DataIn)
    i.USBD_CDC_DataOut                       0x08002308   Section        0  usbd_cdc.o(i.USBD_CDC_DataOut)
    USBD_CDC_DataOut                         0x08002309   Thumb Code    46  usbd_cdc.o(i.USBD_CDC_DataOut)
    i.USBD_CDC_DeInit                        0x08002336   Section        0  usbd_cdc.o(i.USBD_CDC_DeInit)
    USBD_CDC_DeInit                          0x08002337   Thumb Code    60  usbd_cdc.o(i.USBD_CDC_DeInit)
    i.USBD_CDC_EP0_RxReady                   0x08002372   Section        0  usbd_cdc.o(i.USBD_CDC_EP0_RxReady)
    USBD_CDC_EP0_RxReady                     0x08002373   Thumb Code    36  usbd_cdc.o(i.USBD_CDC_EP0_RxReady)
    i.USBD_CDC_GetDeviceQualifierDescriptor  0x08002398   Section        0  usbd_cdc.o(i.USBD_CDC_GetDeviceQualifierDescriptor)
    i.USBD_CDC_GetFSCfgDesc                  0x080023a4   Section        0  usbd_cdc.o(i.USBD_CDC_GetFSCfgDesc)
    USBD_CDC_GetFSCfgDesc                    0x080023a5   Thumb Code     8  usbd_cdc.o(i.USBD_CDC_GetFSCfgDesc)
    i.USBD_CDC_GetHSCfgDesc                  0x080023b0   Section        0  usbd_cdc.o(i.USBD_CDC_GetHSCfgDesc)
    USBD_CDC_GetHSCfgDesc                    0x080023b1   Thumb Code     8  usbd_cdc.o(i.USBD_CDC_GetHSCfgDesc)
    i.USBD_CDC_GetOtherSpeedCfgDesc          0x080023bc   Section        0  usbd_cdc.o(i.USBD_CDC_GetOtherSpeedCfgDesc)
    USBD_CDC_GetOtherSpeedCfgDesc            0x080023bd   Thumb Code     8  usbd_cdc.o(i.USBD_CDC_GetOtherSpeedCfgDesc)
    i.USBD_CDC_Init                          0x080023c8   Section        0  usbd_cdc.o(i.USBD_CDC_Init)
    USBD_CDC_Init                            0x080023c9   Thumb Code   136  usbd_cdc.o(i.USBD_CDC_Init)
    i.USBD_CDC_ReceivePacket                 0x08002450   Section        0  usbd_cdc.o(i.USBD_CDC_ReceivePacket)
    i.USBD_CDC_RegisterInterface             0x08002478   Section        0  usbd_cdc.o(i.USBD_CDC_RegisterInterface)
    i.USBD_CDC_SetRxBuffer                   0x08002488   Section        0  usbd_cdc.o(i.USBD_CDC_SetRxBuffer)
    i.USBD_CDC_SetTxBuffer                   0x08002494   Section        0  usbd_cdc.o(i.USBD_CDC_SetTxBuffer)
    i.USBD_CDC_Setup                         0x080024a4   Section        0  usbd_cdc.o(i.USBD_CDC_Setup)
    USBD_CDC_Setup                           0x080024a5   Thumb Code   106  usbd_cdc.o(i.USBD_CDC_Setup)
    i.USBD_CDC_TransmitPacket                0x08002514   Section        0  usbd_cdc.o(i.USBD_CDC_TransmitPacket)
    i.USBD_ClrClassConfig                    0x08002544   Section        0  usbd_core.o(i.USBD_ClrClassConfig)
    i.USBD_CtlContinueRx                     0x08002552   Section        0  usbd_ioreq.o(i.USBD_CtlContinueRx)
    i.USBD_CtlContinueSendData               0x08002562   Section        0  usbd_ioreq.o(i.USBD_CtlContinueSendData)
    i.USBD_CtlError                          0x08002572   Section        0  usbd_ctlreq.o(i.USBD_CtlError)
    i.USBD_CtlPrepareRx                      0x08002588   Section        0  usbd_ioreq.o(i.USBD_CtlPrepareRx)
    i.USBD_CtlReceiveStatus                  0x080025a6   Section        0  usbd_ioreq.o(i.USBD_CtlReceiveStatus)
    i.USBD_CtlSendData                       0x080025bc   Section        0  usbd_ioreq.o(i.USBD_CtlSendData)
    i.USBD_CtlSendStatus                     0x080025d6   Section        0  usbd_ioreq.o(i.USBD_CtlSendStatus)
    i.USBD_FS_ConfigStrDescriptor            0x080025ec   Section        0  usbd_desc.o(i.USBD_FS_ConfigStrDescriptor)
    i.USBD_FS_DeviceDescriptor               0x0800260c   Section        0  usbd_desc.o(i.USBD_FS_DeviceDescriptor)
    i.USBD_FS_InterfaceStrDescriptor         0x08002618   Section        0  usbd_desc.o(i.USBD_FS_InterfaceStrDescriptor)
    i.USBD_FS_LangIDStrDescriptor            0x0800263c   Section        0  usbd_desc.o(i.USBD_FS_LangIDStrDescriptor)
    i.USBD_FS_ManufacturerStrDescriptor      0x08002648   Section        0  usbd_desc.o(i.USBD_FS_ManufacturerStrDescriptor)
    i.USBD_FS_ProductStrDescriptor           0x08002670   Section        0  usbd_desc.o(i.USBD_FS_ProductStrDescriptor)
    i.USBD_FS_SerialStrDescriptor            0x0800269c   Section        0  usbd_desc.o(i.USBD_FS_SerialStrDescriptor)
    i.USBD_GetDescriptor                     0x080026c0   Section        0  usbd_ctlreq.o(i.USBD_GetDescriptor)
    USBD_GetDescriptor                       0x080026c1   Thumb Code   224  usbd_ctlreq.o(i.USBD_GetDescriptor)
    i.USBD_GetString                         0x080027a0   Section        0  usbd_ctlreq.o(i.USBD_GetString)
    i.USBD_Init                              0x080027e6   Section        0  usbd_core.o(i.USBD_Init)
    i.USBD_LL_ClearStallEP                   0x08002810   Section        0  usbd_conf.o(i.USBD_LL_ClearStallEP)
    i.USBD_LL_CloseEP                        0x08002830   Section        0  usbd_conf.o(i.USBD_LL_CloseEP)
    i.USBD_LL_DataInStage                    0x08002850   Section        0  usbd_core.o(i.USBD_LL_DataInStage)
    i.USBD_LL_DataOutStage                   0x080028fa   Section        0  usbd_core.o(i.USBD_LL_DataOutStage)
    i.USBD_LL_DevConnected                   0x08002964   Section        0  usbd_core.o(i.USBD_LL_DevConnected)
    i.USBD_LL_DevDisconnected                0x08002968   Section        0  usbd_core.o(i.USBD_LL_DevDisconnected)
    i.USBD_LL_GetRxDataSize                  0x0800297e   Section        0  usbd_conf.o(i.USBD_LL_GetRxDataSize)
    i.USBD_LL_Init                           0x08002988   Section        0  usbd_conf.o(i.USBD_LL_Init)
    i.USBD_LL_IsStallEP                      0x080029ec   Section        0  usbd_conf.o(i.USBD_LL_IsStallEP)
    i.USBD_LL_IsoINIncomplete                0x08002a0c   Section        0  usbd_core.o(i.USBD_LL_IsoINIncomplete)
    i.USBD_LL_IsoOUTIncomplete               0x08002a10   Section        0  usbd_core.o(i.USBD_LL_IsoOUTIncomplete)
    i.USBD_LL_OpenEP                         0x08002a14   Section        0  usbd_conf.o(i.USBD_LL_OpenEP)
    i.USBD_LL_PrepareReceive                 0x08002a3a   Section        0  usbd_conf.o(i.USBD_LL_PrepareReceive)
    i.USBD_LL_Reset                          0x08002a5a   Section        0  usbd_core.o(i.USBD_LL_Reset)
    i.USBD_LL_Resume                         0x08002a98   Section        0  usbd_core.o(i.USBD_LL_Resume)
    i.USBD_LL_SOF                            0x08002aa4   Section        0  usbd_core.o(i.USBD_LL_SOF)
    i.USBD_LL_SetSpeed                       0x08002abc   Section        0  usbd_core.o(i.USBD_LL_SetSpeed)
    i.USBD_LL_SetUSBAddress                  0x08002ac2   Section        0  usbd_conf.o(i.USBD_LL_SetUSBAddress)
    i.USBD_LL_SetupStage                     0x08002ae2   Section        0  usbd_core.o(i.USBD_LL_SetupStage)
    i.USBD_LL_StallEP                        0x08002b3c   Section        0  usbd_conf.o(i.USBD_LL_StallEP)
    i.USBD_LL_Start                          0x08002b5c   Section        0  usbd_conf.o(i.USBD_LL_Start)
    i.USBD_LL_Suspend                        0x08002b7c   Section        0  usbd_core.o(i.USBD_LL_Suspend)
    i.USBD_LL_Transmit                       0x08002b8e   Section        0  usbd_conf.o(i.USBD_LL_Transmit)
    i.USBD_ParseSetupRequest                 0x08002bae   Section        0  usbd_ctlreq.o(i.USBD_ParseSetupRequest)
    i.USBD_RegisterClass                     0x08002bd6   Section        0  usbd_core.o(i.USBD_RegisterClass)
    i.USBD_SetClassConfig                    0x08002be6   Section        0  usbd_core.o(i.USBD_SetClassConfig)
    i.USBD_SetConfig                         0x08002bfc   Section        0  usbd_ctlreq.o(i.USBD_SetConfig)
    USBD_SetConfig                           0x08002bfd   Thumb Code   110  usbd_ctlreq.o(i.USBD_SetConfig)
    i.USBD_Start                             0x08002c70   Section        0  usbd_core.o(i.USBD_Start)
    i.USBD_StdDevReq                         0x08002c7a   Section        0  usbd_ctlreq.o(i.USBD_StdDevReq)
    i.USBD_StdEPReq                          0x08002d6c   Section        0  usbd_ctlreq.o(i.USBD_StdEPReq)
    i.USBD_StdItfReq                         0x08002e48   Section        0  usbd_ctlreq.o(i.USBD_StdItfReq)
    i.USB_ActivateEndpoint                   0x08002e7c   Section        0  stm32f4xx_ll_usb.o(i.USB_ActivateEndpoint)
    i.USB_ActivateSetup                      0x08002efc   Section        0  stm32f4xx_ll_usb.o(i.USB_ActivateSetup)
    i.USB_CoreInit                           0x08002f30   Section        0  stm32f4xx_ll_usb.o(i.USB_CoreInit)
    i.USB_CoreReset                          0x08002f9c   Section        0  stm32f4xx_ll_usb.o(i.USB_CoreReset)
    USB_CoreReset                            0x08002f9d   Thumb Code    50  stm32f4xx_ll_usb.o(i.USB_CoreReset)
    i.USB_DeactivateEndpoint                 0x08002fd4   Section        0  stm32f4xx_ll_usb.o(i.USB_DeactivateEndpoint)
    i.USB_DevConnect                         0x0800309c   Section        0  stm32f4xx_ll_usb.o(i.USB_DevConnect)
    i.USB_DevDisconnect                      0x080030b4   Section        0  stm32f4xx_ll_usb.o(i.USB_DevDisconnect)
    i.USB_DevInit                            0x080030cc   Section        0  stm32f4xx_ll_usb.o(i.USB_DevInit)
    i.USB_DisableGlobalInt                   0x0800320c   Section        0  stm32f4xx_ll_usb.o(i.USB_DisableGlobalInt)
    i.USB_EP0StartXfer                       0x08003218   Section        0  stm32f4xx_ll_usb.o(i.USB_EP0StartXfer)
    i.USB_EP0_OutStart                       0x08003358   Section        0  stm32f4xx_ll_usb.o(i.USB_EP0_OutStart)
    i.USB_EPClearStall                       0x08003396   Section        0  stm32f4xx_ll_usb.o(i.USB_EPClearStall)
    i.USB_EPSetStall                         0x080033fa   Section        0  stm32f4xx_ll_usb.o(i.USB_EPSetStall)
    i.USB_EPStartXfer                        0x08003458   Section        0  stm32f4xx_ll_usb.o(i.USB_EPStartXfer)
    i.USB_EnableGlobalInt                    0x08003674   Section        0  stm32f4xx_ll_usb.o(i.USB_EnableGlobalInt)
    i.USB_FlushRxFifo                        0x08003680   Section        0  stm32f4xx_ll_usb.o(i.USB_FlushRxFifo)
    i.USB_FlushTxFifo                        0x080036a0   Section        0  stm32f4xx_ll_usb.o(i.USB_FlushTxFifo)
    i.USB_GetDevSpeed                        0x080036c4   Section        0  stm32f4xx_ll_usb.o(i.USB_GetDevSpeed)
    i.USB_GetMode                            0x08003700   Section        0  stm32f4xx_ll_usb.o(i.USB_GetMode)
    i.USB_ReadDevAllInEpInterrupt            0x08003708   Section        0  stm32f4xx_ll_usb.o(i.USB_ReadDevAllInEpInterrupt)
    i.USB_ReadDevAllOutEpInterrupt           0x08003716   Section        0  stm32f4xx_ll_usb.o(i.USB_ReadDevAllOutEpInterrupt)
    i.USB_ReadDevInEPInterrupt               0x08003724   Section        0  stm32f4xx_ll_usb.o(i.USB_ReadDevInEPInterrupt)
    i.USB_ReadDevOutEPInterrupt              0x08003742   Section        0  stm32f4xx_ll_usb.o(i.USB_ReadDevOutEPInterrupt)
    i.USB_ReadInterrupts                     0x08003752   Section        0  stm32f4xx_ll_usb.o(i.USB_ReadInterrupts)
    i.USB_ReadPacket                         0x0800375a   Section        0  stm32f4xx_ll_usb.o(i.USB_ReadPacket)
    i.USB_SetCurrentMode                     0x0800377a   Section        0  stm32f4xx_ll_usb.o(i.USB_SetCurrentMode)
    i.USB_SetDevAddress                      0x080037a6   Section        0  stm32f4xx_ll_usb.o(i.USB_SetDevAddress)
    i.USB_WritePacket                        0x080037c8   Section        0  stm32f4xx_ll_usb.o(i.USB_WritePacket)
    i.UsageFault_Handler                     0x080037f0   Section        0  stm32f4xx_it.o(i.UsageFault_Handler)
    i.__0printf$5                            0x080037f4   Section        0  printf5.o(i.__0printf$5)
    i.__0sprintf$5                           0x08003814   Section        0  printf5.o(i.__0sprintf$5)
    i.__scatterload_copy                     0x0800383c   Section       14  handlers.o(i.__scatterload_copy)
    i.__scatterload_null                     0x0800384a   Section        2  handlers.o(i.__scatterload_null)
    i.__scatterload_zeroinit                 0x0800384c   Section       14  handlers.o(i.__scatterload_zeroinit)
    i._printf_core                           0x0800385c   Section        0  printf5.o(i._printf_core)
    _printf_core                             0x0800385d   Thumb Code   658  printf5.o(i._printf_core)
    i._sputc                                 0x08003b1c   Section        0  printf5.o(i._sputc)
    _sputc                                   0x08003b1d   Thumb Code    10  printf5.o(i._sputc)
    i.fputc                                  0x08003b28   Section        0  retarget_io.o(i.fputc)
    i.free                                   0x08003b48   Section        0  malloc.o(i.free)
    i.main                                   0x08003b98   Section        0  main.o(i.main)
    i.malloc                                 0x08003cb8   Section        0  malloc.o(i.malloc)
    .constdata                               0x08003d24   Section       16  system_stm32f4xx.o(.constdata)
    .constdata                               0x08003d34   Section        8  system_stm32f4xx.o(.constdata)
    .data                                    0x20000000   Section        2  main.o(.data)
    .data                                    0x20000004   Section       28  usbd_desc.o(.data)
    .data                                    0x20000020   Section       22  usbd_desc.o(.data)
    .data                                    0x20000038   Section       16  usbd_cdc_if.o(.data)
    .data                                    0x20000048   Section       12  stm32f4xx_hal.o(.data)
    .data                                    0x20000054   Section        4  system_stm32f4xx.o(.data)
    .data                                    0x20000058   Section        1  usbd_ctlreq.o(.data)
    cfgidx                                   0x20000058   Data           1  usbd_ctlreq.o(.data)
    .data                                    0x2000005c   Section      219  usbd_cdc.o(.data)
    ifalt                                    0x2000005c   Data           1  usbd_cdc.o(.data)
    USBD_CDC_DeviceQualifierDesc             0x20000060   Data          10  usbd_cdc.o(.data)
    .data                                    0x20000138   Section       56  usbd_cdc.o(.data)
    .data                                    0x20000170   Section        4  stdout.o(.data)
    .data                                    0x20000174   Section        4  stderr.o(.data)
    .data                                    0x20000178   Section        4  mvars.o(.data)
    .data                                    0x2000017c   Section        4  mvars.o(.data)
    .bss                                     0x20000180   Section      372  main.o(.bss)
    .bss                                     0x200002f4   Section      548  usb_device.o(.bss)
    .bss                                     0x20000518   Section     1008  usbd_conf.o(.bss)
    .bss                                     0x20000908   Section      512  usbd_desc.o(.bss)
    .bss                                     0x20000b08   Section     4096  usbd_cdc_if.o(.bss)
    HEAP                                     0x20001b08   Section      768  startup_stm32f407xx.o(HEAP)
    STACK                                    0x20001e08   Section     1280  startup_stm32f407xx.o(STACK)

    Global Symbols

    Symbol Name                              Value     Ov Type        Size  Object(Section)

    BuildAttributes$$THM_ISAv4$E$P$D$K$B$S$7EM$VFPi3$EXTD16$VFPS$VFMA$PE$A:L22UL41UL21$X:L11$S22US41US21$IEEE1$IW$USESV6$~STKCKD$USESV7$~SHL$OSPACE$ROPI$EBA8$MICROLIB$REQ8$PRES8$EABIv2 0x00000000   Number         0  anon$$obj.o ABSOLUTE
    __ARM_use_no_argv                        0x00000000   Number         0  main.o ABSOLUTE
    _printf_a                                0x00000000   Number         0  stubs.o ABSOLUTE
    _printf_c                                0x00000000   Number         0  stubs.o ABSOLUTE
    _printf_charcount                        0x00000000   Number         0  stubs.o ABSOLUTE
    _printf_d                                0x00000000   Number         0  stubs.o ABSOLUTE
    _printf_e                                0x00000000   Number         0  stubs.o ABSOLUTE
    _printf_f                                0x00000000   Number         0  stubs.o ABSOLUTE
    _printf_flags                            0x00000000   Number         0  stubs.o ABSOLUTE
    _printf_fp_dec                           0x00000000   Number         0  stubs.o ABSOLUTE
    _printf_fp_hex                           0x00000000   Number         0  stubs.o ABSOLUTE
    _printf_g                                0x00000000   Number         0  stubs.o ABSOLUTE
    _printf_i                                0x00000000   Number         0  stubs.o ABSOLUTE
    _printf_int_dec                          0x00000000   Number         0  stubs.o ABSOLUTE
    _printf_l                                0x00000000   Number         0  stubs.o ABSOLUTE
    _printf_lc                               0x00000000   Number         0  stubs.o ABSOLUTE
    _printf_ll                               0x00000000   Number         0  stubs.o ABSOLUTE
    _printf_lld                              0x00000000   Number         0  stubs.o ABSOLUTE
    _printf_lli                              0x00000000   Number         0  stubs.o ABSOLUTE
    _printf_llo                              0x00000000   Number         0  stubs.o ABSOLUTE
    _printf_llu                              0x00000000   Number         0  stubs.o ABSOLUTE
    _printf_llx                              0x00000000   Number         0  stubs.o ABSOLUTE
    _printf_longlong_dec                     0x00000000   Number         0  stubs.o ABSOLUTE
    _printf_longlong_hex                     0x00000000   Number         0  stubs.o ABSOLUTE
    _printf_longlong_oct                     0x00000000   Number         0  stubs.o ABSOLUTE
    _printf_ls                               0x00000000   Number         0  stubs.o ABSOLUTE
    _printf_mbtowc                           0x00000000   Number         0  stubs.o ABSOLUTE
    _printf_n                                0x00000000   Number         0  stubs.o ABSOLUTE
    _printf_o                                0x00000000   Number         0  stubs.o ABSOLUTE
    _printf_p                                0x00000000   Number         0  stubs.o ABSOLUTE
    _printf_percent                          0x00000000   Number         0  stubs.o ABSOLUTE
    _printf_pre_padding                      0x00000000   Number         0  stubs.o ABSOLUTE
    _printf_return_value                     0x00000000   Number         0  stubs.o ABSOLUTE
    _printf_s                                0x00000000   Number         0  stubs.o ABSOLUTE
    _printf_sizespec                         0x00000000   Number         0  stubs.o ABSOLUTE
    _printf_str                              0x00000000   Number         0  stubs.o ABSOLUTE
    _printf_truncate_signed                  0x00000000   Number         0  stubs.o ABSOLUTE
    _printf_truncate_unsigned                0x00000000   Number         0  stubs.o ABSOLUTE
    _printf_u                                0x00000000   Number         0  stubs.o ABSOLUTE
    _printf_wc                               0x00000000   Number         0  stubs.o ABSOLUTE
    _printf_wctomb                           0x00000000   Number         0  stubs.o ABSOLUTE
    _printf_widthprec                        0x00000000   Number         0  stubs.o ABSOLUTE
    _printf_x                                0x00000000   Number         0  stubs.o ABSOLUTE
    __cpp_initialize__aeabi_                  - Undefined Weak Reference
    __cxa_finalize                            - Undefined Weak Reference
    _clock_init                               - Undefined Weak Reference
    _microlib_exit                            - Undefined Weak Reference
    __Vectors_Size                           0x00000188   Number         0  startup_stm32f407xx.o ABSOLUTE
    __Vectors                                0x08000000   Data           4  startup_stm32f407xx.o(RESET)
    __Vectors_End                            0x08000188   Data           0  startup_stm32f407xx.o(RESET)
    __main                                   0x08000189   Thumb Code     0  entry.o(.ARM.Collect$$$$00000000)
    _main_stk                                0x08000189   Thumb Code     0  entry2.o(.ARM.Collect$$$$00000001)
    _main_scatterload                        0x0800018d   Thumb Code     0  entry5.o(.ARM.Collect$$$$00000004)
    __main_after_scatterload                 0x08000191   Thumb Code     0  entry5.o(.ARM.Collect$$$$00000004)
    _main_clock                              0x08000191   Thumb Code     0  entry7b.o(.ARM.Collect$$$$00000008)
    _main_cpp_init                           0x08000191   Thumb Code     0  entry8b.o(.ARM.Collect$$$$0000000A)
    _main_init                               0x08000191   Thumb Code     0  entry9a.o(.ARM.Collect$$$$0000000B)
    __rt_final_cpp                           0x08000199   Thumb Code     0  entry10a.o(.ARM.Collect$$$$0000000D)
    __rt_final_exit                          0x08000199   Thumb Code     0  entry11a.o(.ARM.Collect$$$$0000000F)
    Reset_Handler                            0x0800019d   Thumb Code     8  startup_stm32f407xx.o(.text)
    ADC_IRQHandler                           0x080001b7   Thumb Code     0  startup_stm32f407xx.o(.text)
    CAN1_RX0_IRQHandler                      0x080001b7   Thumb Code     0  startup_stm32f407xx.o(.text)
    CAN1_RX1_IRQHandler                      0x080001b7   Thumb Code     0  startup_stm32f407xx.o(.text)
    CAN1_SCE_IRQHandler                      0x080001b7   Thumb Code     0  startup_stm32f407xx.o(.text)
    CAN1_TX_IRQHandler                       0x080001b7   Thumb Code     0  startup_stm32f407xx.o(.text)
    CAN2_RX0_IRQHandler                      0x080001b7   Thumb Code     0  startup_stm32f407xx.o(.text)
    CAN2_RX1_IRQHandler                      0x080001b7   Thumb Code     0  startup_stm32f407xx.o(.text)
    CAN2_SCE_IRQHandler                      0x080001b7   Thumb Code     0  startup_stm32f407xx.o(.text)
    CAN2_TX_IRQHandler                       0x080001b7   Thumb Code     0  startup_stm32f407xx.o(.text)
    DCMI_IRQHandler                          0x080001b7   Thumb Code     0  startup_stm32f407xx.o(.text)
    DMA1_Stream0_IRQHandler                  0x080001b7   Thumb Code     0  startup_stm32f407xx.o(.text)
    DMA1_Stream1_IRQHandler                  0x080001b7   Thumb Code     0  startup_stm32f407xx.o(.text)
    DMA1_Stream2_IRQHandler                  0x080001b7   Thumb Code     0  startup_stm32f407xx.o(.text)
    DMA1_Stream3_IRQHandler                  0x080001b7   Thumb Code     0  startup_stm32f407xx.o(.text)
    DMA1_Stream4_IRQHandler                  0x080001b7   Thumb Code     0  startup_stm32f407xx.o(.text)
    DMA1_Stream5_IRQHandler                  0x080001b7   Thumb Code     0  startup_stm32f407xx.o(.text)
    DMA1_Stream6_IRQHandler                  0x080001b7   Thumb Code     0  startup_stm32f407xx.o(.text)
    DMA1_Stream7_IRQHandler                  0x080001b7   Thumb Code     0  startup_stm32f407xx.o(.text)
    DMA2_Stream0_IRQHandler                  0x080001b7   Thumb Code     0  startup_stm32f407xx.o(.text)
    DMA2_Stream1_IRQHandler                  0x080001b7   Thumb Code     0  startup_stm32f407xx.o(.text)
    DMA2_Stream2_IRQHandler                  0x080001b7   Thumb Code     0  startup_stm32f407xx.o(.text)
    DMA2_Stream3_IRQHandler                  0x080001b7   Thumb Code     0  startup_stm32f407xx.o(.text)
    DMA2_Stream4_IRQHandler                  0x080001b7   Thumb Code     0  startup_stm32f407xx.o(.text)
    DMA2_Stream5_IRQHandler                  0x080001b7   Thumb Code     0  startup_stm32f407xx.o(.text)
    DMA2_Stream6_IRQHandler                  0x080001b7   Thumb Code     0  startup_stm32f407xx.o(.text)
    DMA2_Stream7_IRQHandler                  0x080001b7   Thumb Code     0  startup_stm32f407xx.o(.text)
    ETH_IRQHandler                           0x080001b7   Thumb Code     0  startup_stm32f407xx.o(.text)
    ETH_WKUP_IRQHandler                      0x080001b7   Thumb Code     0  startup_stm32f407xx.o(.text)
    EXTI0_IRQHandler                         0x080001b7   Thumb Code     0  startup_stm32f407xx.o(.text)
    EXTI15_10_IRQHandler                     0x080001b7   Thumb Code     0  startup_stm32f407xx.o(.text)
    EXTI1_IRQHandler                         0x080001b7   Thumb Code     0  startup_stm32f407xx.o(.text)
    EXTI2_IRQHandler                         0x080001b7   Thumb Code     0  startup_stm32f407xx.o(.text)
    EXTI3_IRQHandler                         0x080001b7   Thumb Code     0  startup_stm32f407xx.o(.text)
    EXTI4_IRQHandler                         0x080001b7   Thumb Code     0  startup_stm32f407xx.o(.text)
    EXTI9_5_IRQHandler                       0x080001b7   Thumb Code     0  startup_stm32f407xx.o(.text)
    FLASH_IRQHandler                         0x080001b7   Thumb Code     0  startup_stm32f407xx.o(.text)
    FMC_IRQHandler                           0x080001b7   Thumb Code     0  startup_stm32f407xx.o(.text)
    FPU_IRQHandler                           0x080001b7   Thumb Code     0  startup_stm32f407xx.o(.text)
    HASH_RNG_IRQHandler                      0x080001b7   Thumb Code     0  startup_stm32f407xx.o(.text)
    I2C1_ER_IRQHandler                       0x080001b7   Thumb Code     0  startup_stm32f407xx.o(.text)
    I2C1_EV_IRQHandler                       0x080001b7   Thumb Code     0  startup_stm32f407xx.o(.text)
    I2C2_ER_IRQHandler                       0x080001b7   Thumb Code     0  startup_stm32f407xx.o(.text)
    I2C2_EV_IRQHandler                       0x080001b7   Thumb Code     0  startup_stm32f407xx.o(.text)
    I2C3_ER_IRQHandler                       0x080001b7   Thumb Code     0  startup_stm32f407xx.o(.text)
    I2C3_EV_IRQHandler                       0x080001b7   Thumb Code     0  startup_stm32f407xx.o(.text)
    OTG_FS_WKUP_IRQHandler                   0x080001b7   Thumb Code     0  startup_stm32f407xx.o(.text)
    OTG_HS_EP1_IN_IRQHandler                 0x080001b7   Thumb Code     0  startup_stm32f407xx.o(.text)
    OTG_HS_EP1_OUT_IRQHandler                0x080001b7   Thumb Code     0  startup_stm32f407xx.o(.text)
    OTG_HS_IRQHandler                        0x080001b7   Thumb Code     0  startup_stm32f407xx.o(.text)
    OTG_HS_WKUP_IRQHandler                   0x080001b7   Thumb Code     0  startup_stm32f407xx.o(.text)
    PVD_IRQHandler                           0x080001b7   Thumb Code     0  startup_stm32f407xx.o(.text)
    RCC_IRQHandler                           0x080001b7   Thumb Code     0  startup_stm32f407xx.o(.text)
    RTC_Alarm_IRQHandler                     0x080001b7   Thumb Code     0  startup_stm32f407xx.o(.text)
    RTC_WKUP_IRQHandler                      0x080001b7   Thumb Code     0  startup_stm32f407xx.o(.text)
    SDIO_IRQHandler                          0x080001b7   Thumb Code     0  startup_stm32f407xx.o(.text)
    SPI1_IRQHandler                          0x080001b7   Thumb Code     0  startup_stm32f407xx.o(.text)
    SPI2_IRQHandler                          0x080001b7   Thumb Code     0  startup_stm32f407xx.o(.text)
    SPI3_IRQHandler                          0x080001b7   Thumb Code     0  startup_stm32f407xx.o(.text)
    TAMP_STAMP_IRQHandler                    0x080001b7   Thumb Code     0  startup_stm32f407xx.o(.text)
    TIM1_BRK_TIM9_IRQHandler                 0x080001b7   Thumb Code     0  startup_stm32f407xx.o(.text)
    TIM1_CC_IRQHandler                       0x080001b7   Thumb Code     0  startup_stm32f407xx.o(.text)
    TIM1_TRG_COM_TIM11_IRQHandler            0x080001b7   Thumb Code     0  startup_stm32f407xx.o(.text)
    TIM1_UP_TIM10_IRQHandler                 0x080001b7   Thumb Code     0  startup_stm32f407xx.o(.text)
    TIM2_IRQHandler                          0x080001b7   Thumb Code     0  startup_stm32f407xx.o(.text)
    TIM3_IRQHandler                          0x080001b7   Thumb Code     0  startup_stm32f407xx.o(.text)
    TIM4_IRQHandler                          0x080001b7   Thumb Code     0  startup_stm32f407xx.o(.text)
    TIM5_IRQHandler                          0x080001b7   Thumb Code     0  startup_stm32f407xx.o(.text)
    TIM6_DAC_IRQHandler                      0x080001b7   Thumb Code     0  startup_stm32f407xx.o(.text)
    TIM7_IRQHandler                          0x080001b7   Thumb Code     0  startup_stm32f407xx.o(.text)
    TIM8_BRK_TIM12_IRQHandler                0x080001b7   Thumb Code     0  startup_stm32f407xx.o(.text)
    TIM8_CC_IRQHandler                       0x080001b7   Thumb Code     0  startup_stm32f407xx.o(.text)
    TIM8_TRG_COM_TIM14_IRQHandler            0x080001b7   Thumb Code     0  startup_stm32f407xx.o(.text)
    TIM8_UP_TIM13_IRQHandler                 0x080001b7   Thumb Code     0  startup_stm32f407xx.o(.text)
    UART4_IRQHandler                         0x080001b7   Thumb Code     0  startup_stm32f407xx.o(.text)
    UART5_IRQHandler                         0x080001b7   Thumb Code     0  startup_stm32f407xx.o(.text)
    USART1_IRQHandler                        0x080001b7   Thumb Code     0  startup_stm32f407xx.o(.text)
    USART2_IRQHandler                        0x080001b7   Thumb Code     0  startup_stm32f407xx.o(.text)
    USART3_IRQHandler                        0x080001b7   Thumb Code     0  startup_stm32f407xx.o(.text)
    USART6_IRQHandler                        0x080001b7   Thumb Code     0  startup_stm32f407xx.o(.text)
    WWDG_IRQHandler                          0x080001b7   Thumb Code     0  startup_stm32f407xx.o(.text)
    __aeabi_uldivmod                         0x080001c1   Thumb Code    98  uldiv.o(.text)
    __aeabi_memcpy                           0x08000223   Thumb Code    36  memcpya.o(.text)
    __aeabi_memcpy4                          0x08000223   Thumb Code     0  memcpya.o(.text)
    __aeabi_memcpy8                          0x08000223   Thumb Code     0  memcpya.o(.text)
    __aeabi_memset                           0x08000247   Thumb Code    14  memseta.o(.text)
    __aeabi_memset4                          0x08000247   Thumb Code     0  memseta.o(.text)
    __aeabi_memset8                          0x08000247   Thumb Code     0  memseta.o(.text)
    __aeabi_memclr                           0x08000255   Thumb Code     4  memseta.o(.text)
    __aeabi_memclr4                          0x08000255   Thumb Code     0  memseta.o(.text)
    __aeabi_memclr8                          0x08000255   Thumb Code     0  memseta.o(.text)
    _memset$wrapper                          0x08000259   Thumb Code    18  memseta.o(.text)
    strstr                                   0x0800026b   Thumb Code    36  strstr.o(.text)
    strlen                                   0x0800028f   Thumb Code    14  strlen.o(.text)
    __aeabi_llsl                             0x0800029d   Thumb Code    30  llshl.o(.text)
    _ll_shift_l                              0x0800029d   Thumb Code     0  llshl.o(.text)
    __aeabi_llsr                             0x080002bb   Thumb Code    32  llushr.o(.text)
    _ll_ushift_r                             0x080002bb   Thumb Code     0  llushr.o(.text)
    __scatterload                            0x080002dd   Thumb Code    28  init.o(.text)
    __scatterload_rt2                        0x080002dd   Thumb Code     0  init.o(.text)
    __decompress                             0x08000301   Thumb Code     0  __dczerorl2.o(.text)
    __decompress1                            0x08000301   Thumb Code    86  __dczerorl2.o(.text)
    BusFault_Handler                         0x08000357   Thumb Code     2  stm32f4xx_it.o(i.BusFault_Handler)
    CDC_Transmit_FS                          0x080003b1   Thumb Code    38  usbd_cdc_if.o(i.CDC_Transmit_FS)
    DebugMon_Handler                         0x080003dd   Thumb Code     2  stm32f4xx_it.o(i.DebugMon_Handler)
    Error_Handler                            0x080003df   Thumb Code     2  main.o(i.Error_Handler)
    HAL_Delay                                0x080003e1   Thumb Code    32  stm32f4xx_hal.o(i.HAL_Delay)
    HAL_GPIO_Init                            0x08000405   Thumb Code   388  stm32f4xx_hal_gpio.o(i.HAL_GPIO_Init)
    HAL_GPIO_WritePin                        0x080005b5   Thumb Code    10  stm32f4xx_hal_gpio.o(i.HAL_GPIO_WritePin)
    HAL_GetTick                              0x080005c1   Thumb Code     6  stm32f4xx_hal.o(i.HAL_GetTick)
    HAL_I2C_Init                             0x080005cd   Thumb Code   254  stm32f4xx_hal_i2c.o(i.HAL_I2C_Init)
    HAL_I2C_MspInit                          0x080006d5   Thumb Code    94  stm32f4xx_hal_msp.o(i.HAL_I2C_MspInit)
    HAL_I2SEx_FullDuplex_IRQHandler          0x08000741   Thumb Code   476  stm32f4xx_hal_i2s_ex.o(i.HAL_I2SEx_FullDuplex_IRQHandler)
    HAL_I2SEx_TxRxCpltCallback               0x08000925   Thumb Code     2  stm32f4xx_hal_i2s_ex.o(i.HAL_I2SEx_TxRxCpltCallback)
    HAL_I2S_ErrorCallback                    0x08000927   Thumb Code     2  stm32f4xx_hal_i2s.o(i.HAL_I2S_ErrorCallback)
    HAL_I2S_Init                             0x08000929   Thumb Code   366  stm32f4xx_hal_i2s.o(i.HAL_I2S_Init)
    HAL_I2S_MspInit                          0x08000aa9   Thumb Code   128  stm32f4xx_hal_msp.o(i.HAL_I2S_MspInit)
    HAL_I2S_RxCpltCallback                   0x08000b39   Thumb Code     2  stm32f4xx_hal_i2s.o(i.HAL_I2S_RxCpltCallback)
    HAL_I2S_TxCpltCallback                   0x08000b3b   Thumb Code     2  stm32f4xx_hal_i2s.o(i.HAL_I2S_TxCpltCallback)
    HAL_IncTick                              0x08000b3d   Thumb Code    12  stm32f4xx_hal.o(i.HAL_IncTick)
    HAL_Init                                 0x08000b4d   Thumb Code    48  stm32f4xx_hal.o(i.HAL_Init)
    HAL_InitTick                             0x08000b81   Thumb Code    54  stm32f4xx_hal.o(i.HAL_InitTick)
    HAL_MspInit                              0x08000bc1   Thumb Code    48  stm32f4xx_hal_msp.o(i.HAL_MspInit)
    HAL_NVIC_EnableIRQ                       0x08000bf5   Thumb Code    22  stm32f4xx_hal_cortex.o(i.HAL_NVIC_EnableIRQ)
    HAL_NVIC_SetPriority                     0x08000c0d   Thumb Code    60  stm32f4xx_hal_cortex.o(i.HAL_NVIC_SetPriority)
    HAL_NVIC_SetPriorityGrouping             0x08000c4d   Thumb Code    26  stm32f4xx_hal_cortex.o(i.HAL_NVIC_SetPriorityGrouping)
    HAL_PCDEx_SetRxFiFo                      0x08000c71   Thumb Code     8  stm32f4xx_hal_pcd_ex.o(i.HAL_PCDEx_SetRxFiFo)
    HAL_PCDEx_SetTxFiFo                      0x08000c79   Thumb Code    68  stm32f4xx_hal_pcd_ex.o(i.HAL_PCDEx_SetTxFiFo)
    HAL_PCD_ConnectCallback                  0x08000cbd   Thumb Code     8  usbd_conf.o(i.HAL_PCD_ConnectCallback)
    HAL_PCD_DataInStageCallback              0x08000cc5   Thumb Code    18  usbd_conf.o(i.HAL_PCD_DataInStageCallback)
    HAL_PCD_DataOutStageCallback             0x08000cd7   Thumb Code    20  usbd_conf.o(i.HAL_PCD_DataOutStageCallback)
    HAL_PCD_DisconnectCallback               0x08000ceb   Thumb Code     8  usbd_conf.o(i.HAL_PCD_DisconnectCallback)
    HAL_PCD_EP_Close                         0x08000cf3   Thumb Code    68  stm32f4xx_hal_pcd.o(i.HAL_PCD_EP_Close)
    HAL_PCD_EP_ClrStall                      0x08000d37   Thumb Code    80  stm32f4xx_hal_pcd.o(i.HAL_PCD_EP_ClrStall)
    HAL_PCD_EP_GetRxCount                    0x08000d87   Thumb Code    20  stm32f4xx_hal_pcd.o(i.HAL_PCD_EP_GetRxCount)
    HAL_PCD_EP_Open                          0x08000d9b   Thumb Code    84  stm32f4xx_hal_pcd.o(i.HAL_PCD_EP_Open)
    HAL_PCD_EP_Receive                       0x08000def   Thumb Code    72  stm32f4xx_hal_pcd.o(i.HAL_PCD_EP_Receive)
    HAL_PCD_EP_SetStall                      0x08000e37   Thumb Code    96  stm32f4xx_hal_pcd.o(i.HAL_PCD_EP_SetStall)
    HAL_PCD_EP_Transmit                      0x08000e97   Thumb Code    64  stm32f4xx_hal_pcd.o(i.HAL_PCD_EP_Transmit)
    HAL_PCD_IRQHandler                       0x08000ed9   Thumb Code  1196  stm32f4xx_hal_pcd.o(i.HAL_PCD_IRQHandler)
    HAL_PCD_ISOINIncompleteCallback          0x080013cd   Thumb Code     8  usbd_conf.o(i.HAL_PCD_ISOINIncompleteCallback)
    HAL_PCD_ISOOUTIncompleteCallback         0x080013d5   Thumb Code     8  usbd_conf.o(i.HAL_PCD_ISOOUTIncompleteCallback)
    HAL_PCD_Init                             0x080013dd   Thumb Code   190  stm32f4xx_hal_pcd.o(i.HAL_PCD_Init)
    HAL_PCD_MspInit                          0x0800149d   Thumb Code   110  usbd_conf.o(i.HAL_PCD_MspInit)
    HAL_PCD_ResetCallback                    0x08001515   Thumb Code    32  usbd_conf.o(i.HAL_PCD_ResetCallback)
    HAL_PCD_ResumeCallback                   0x08001535   Thumb Code     8  usbd_conf.o(i.HAL_PCD_ResumeCallback)
    HAL_PCD_SOFCallback                      0x0800153d   Thumb Code     8  usbd_conf.o(i.HAL_PCD_SOFCallback)
    HAL_PCD_SetAddress                       0x08001545   Thumb Code    36  stm32f4xx_hal_pcd.o(i.HAL_PCD_SetAddress)
    HAL_PCD_SetupStageCallback               0x08001569   Thumb Code    14  usbd_conf.o(i.HAL_PCD_SetupStageCallback)
    HAL_PCD_Start                            0x08001577   Thumb Code    42  stm32f4xx_hal_pcd.o(i.HAL_PCD_Start)
    HAL_PCD_SuspendCallback                  0x080015a1   Thumb Code    44  usbd_conf.o(i.HAL_PCD_SuspendCallback)
    HAL_RCCEx_GetPeriphCLKFreq               0x080015d1   Thumb Code    76  stm32f4xx_hal_rcc_ex.o(i.HAL_RCCEx_GetPeriphCLKFreq)
    HAL_RCCEx_PeriphCLKConfig                0x0800162d   Thumb Code   296  stm32f4xx_hal_rcc_ex.o(i.HAL_RCCEx_PeriphCLKConfig)
    HAL_RCC_ClockConfig                      0x08001769   Thumb Code   286  stm32f4xx_hal_rcc.o(i.HAL_RCC_ClockConfig)
    HAL_RCC_GetHCLKFreq                      0x08001899   Thumb Code     6  stm32f4xx_hal_rcc.o(i.HAL_RCC_GetHCLKFreq)
    HAL_RCC_GetPCLK1Freq                     0x080018a5   Thumb Code    20  stm32f4xx_hal_rcc.o(i.HAL_RCC_GetPCLK1Freq)
    HAL_RCC_GetSysClockFreq                  0x080018c5   Thumb Code    88  stm32f4xx_hal_rcc.o(i.HAL_RCC_GetSysClockFreq)
    HAL_RCC_OscConfig                        0x08001925   Thumb Code   770  stm32f4xx_hal_rcc.o(i.HAL_RCC_OscConfig)
    HAL_SPI_Init                             0x08001c41   Thumb Code   128  stm32f4xx_hal_spi.o(i.HAL_SPI_Init)
    HAL_SPI_MspInit                          0x08001cc1   Thumb Code    90  stm32f4xx_hal_msp.o(i.HAL_SPI_MspInit)
    HAL_SYSTICK_Config                       0x08001d29   Thumb Code    40  stm32f4xx_hal_cortex.o(i.HAL_SYSTICK_Config)
    HardFault_Handler                        0x08001d51   Thumb Code     2  stm32f4xx_it.o(i.HardFault_Handler)
    ITM_SendChar                             0x08001f51   Thumb Code    32  retarget_io.o(i.ITM_SendChar)
    MX_USB_DEVICE_Init                       0x0800210d   Thumb Code    38  usb_device.o(i.MX_USB_DEVICE_Init)
    MemManage_Handler                        0x08002145   Thumb Code     2  stm32f4xx_it.o(i.MemManage_Handler)
    NMI_Handler                              0x08002147   Thumb Code     2  stm32f4xx_it.o(i.NMI_Handler)
    OTG_FS_IRQHandler                        0x08002169   Thumb Code     6  stm32f4xx_it.o(i.OTG_FS_IRQHandler)
    PendSV_Handler                           0x080021fd   Thumb Code     2  stm32f4xx_it.o(i.PendSV_Handler)
    SVC_Handler                              0x080021ff   Thumb Code     2  stm32f4xx_it.o(i.SVC_Handler)
    SysTick_Handler                          0x08002201   Thumb Code     4  stm32f4xx_it.o(i.SysTick_Handler)
    SystemClock_Config                       0x08002205   Thumb Code   148  main.o(i.SystemClock_Config)
    SystemInit                               0x080022a1   Thumb Code    66  system_stm32f4xx.o(i.SystemInit)
    USBD_CDC_GetDeviceQualifierDescriptor    0x08002399   Thumb Code     8  usbd_cdc.o(i.USBD_CDC_GetDeviceQualifierDescriptor)
    USBD_CDC_ReceivePacket                   0x08002451   Thumb Code    40  usbd_cdc.o(i.USBD_CDC_ReceivePacket)
    USBD_CDC_RegisterInterface               0x08002479   Thumb Code    16  usbd_cdc.o(i.USBD_CDC_RegisterInterface)
    USBD_CDC_SetRxBuffer                     0x08002489   Thumb Code    12  usbd_cdc.o(i.USBD_CDC_SetRxBuffer)
    USBD_CDC_SetTxBuffer                     0x08002495   Thumb Code    16  usbd_cdc.o(i.USBD_CDC_SetTxBuffer)
    USBD_CDC_TransmitPacket                  0x08002515   Thumb Code    48  usbd_cdc.o(i.USBD_CDC_TransmitPacket)
    USBD_ClrClassConfig                      0x08002545   Thumb Code    14  usbd_core.o(i.USBD_ClrClassConfig)
    USBD_CtlContinueRx                       0x08002553   Thumb Code    16  usbd_ioreq.o(i.USBD_CtlContinueRx)
    USBD_CtlContinueSendData                 0x08002563   Thumb Code    16  usbd_ioreq.o(i.USBD_CtlContinueSendData)
    USBD_CtlError                            0x08002573   Thumb Code    22  usbd_ctlreq.o(i.USBD_CtlError)
    USBD_CtlPrepareRx                        0x08002589   Thumb Code    30  usbd_ioreq.o(i.USBD_CtlPrepareRx)
    USBD_CtlReceiveStatus                    0x080025a7   Thumb Code    22  usbd_ioreq.o(i.USBD_CtlReceiveStatus)
    USBD_CtlSendData                         0x080025bd   Thumb Code    26  usbd_ioreq.o(i.USBD_CtlSendData)
    USBD_CtlSendStatus                       0x080025d7   Thumb Code    22  usbd_ioreq.o(i.USBD_CtlSendStatus)
    USBD_FS_ConfigStrDescriptor              0x080025ed   Thumb Code    16  usbd_desc.o(i.USBD_FS_ConfigStrDescriptor)
    USBD_FS_DeviceDescriptor                 0x0800260d   Thumb Code     8  usbd_desc.o(i.USBD_FS_DeviceDescriptor)
    USBD_FS_InterfaceStrDescriptor           0x08002619   Thumb Code    16  usbd_desc.o(i.USBD_FS_InterfaceStrDescriptor)
    USBD_FS_LangIDStrDescriptor              0x0800263d   Thumb Code     8  usbd_desc.o(i.USBD_FS_LangIDStrDescriptor)
    USBD_FS_ManufacturerStrDescriptor        0x08002649   Thumb Code    16  usbd_desc.o(i.USBD_FS_ManufacturerStrDescriptor)
    USBD_FS_ProductStrDescriptor             0x08002671   Thumb Code    16  usbd_desc.o(i.USBD_FS_ProductStrDescriptor)
    USBD_FS_SerialStrDescriptor              0x0800269d   Thumb Code    16  usbd_desc.o(i.USBD_FS_SerialStrDescriptor)
    USBD_GetString                           0x080027a1   Thumb Code    70  usbd_ctlreq.o(i.USBD_GetString)
    USBD_Init                                0x080027e7   Thumb Code    42  usbd_core.o(i.USBD_Init)
    USBD_LL_ClearStallEP                     0x08002811   Thumb Code    32  usbd_conf.o(i.USBD_LL_ClearStallEP)
    USBD_LL_CloseEP                          0x08002831   Thumb Code    32  usbd_conf.o(i.USBD_LL_CloseEP)
    USBD_LL_DataInStage                      0x08002851   Thumb Code   170  usbd_core.o(i.USBD_LL_DataInStage)
    USBD_LL_DataOutStage                     0x080028fb   Thumb Code   106  usbd_core.o(i.USBD_LL_DataOutStage)
    USBD_LL_DevConnected                     0x08002965   Thumb Code     4  usbd_core.o(i.USBD_LL_DevConnected)
    USBD_LL_DevDisconnected                  0x08002969   Thumb Code    22  usbd_core.o(i.USBD_LL_DevDisconnected)
    USBD_LL_GetRxDataSize                    0x0800297f   Thumb Code     8  usbd_conf.o(i.USBD_LL_GetRxDataSize)
    USBD_LL_Init                             0x08002989   Thumb Code    94  usbd_conf.o(i.USBD_LL_Init)
    USBD_LL_IsStallEP                        0x080029ed   Thumb Code    32  usbd_conf.o(i.USBD_LL_IsStallEP)
    USBD_LL_IsoINIncomplete                  0x08002a0d   Thumb Code     4  usbd_core.o(i.USBD_LL_IsoINIncomplete)
    USBD_LL_IsoOUTIncomplete                 0x08002a11   Thumb Code     4  usbd_core.o(i.USBD_LL_IsoOUTIncomplete)
    USBD_LL_OpenEP                           0x08002a15   Thumb Code    38  usbd_conf.o(i.USBD_LL_OpenEP)
    USBD_LL_PrepareReceive                   0x08002a3b   Thumb Code    32  usbd_conf.o(i.USBD_LL_PrepareReceive)
    USBD_LL_Reset                            0x08002a5b   Thumb Code    62  usbd_core.o(i.USBD_LL_Reset)
    USBD_LL_Resume                           0x08002a99   Thumb Code    12  usbd_core.o(i.USBD_LL_Resume)
    USBD_LL_SOF                              0x08002aa5   Thumb Code    24  usbd_core.o(i.USBD_LL_SOF)
    USBD_LL_SetSpeed                         0x08002abd   Thumb Code     6  usbd_core.o(i.USBD_LL_SetSpeed)
    USBD_LL_SetUSBAddress                    0x08002ac3   Thumb Code    32  usbd_conf.o(i.USBD_LL_SetUSBAddress)
    USBD_LL_SetupStage                       0x08002ae3   Thumb Code    90  usbd_core.o(i.USBD_LL_SetupStage)
    USBD_LL_StallEP                          0x08002b3d   Thumb Code    32  usbd_conf.o(i.USBD_LL_StallEP)
    USBD_LL_Start                            0x08002b5d   Thumb Code    32  usbd_conf.o(i.USBD_LL_Start)
    USBD_LL_Suspend                          0x08002b7d   Thumb Code    18  usbd_core.o(i.USBD_LL_Suspend)
    USBD_LL_Transmit                         0x08002b8f   Thumb Code    32  usbd_conf.o(i.USBD_LL_Transmit)
    USBD_ParseSetupRequest                   0x08002baf   Thumb Code    40  usbd_ctlreq.o(i.USBD_ParseSetupRequest)
    USBD_RegisterClass                       0x08002bd7   Thumb Code    16  usbd_core.o(i.USBD_RegisterClass)
    USBD_SetClassConfig                      0x08002be7   Thumb Code    22  usbd_core.o(i.USBD_SetClassConfig)
    USBD_Start                               0x08002c71   Thumb Code    10  usbd_core.o(i.USBD_Start)
    USBD_StdDevReq                           0x08002c7b   Thumb Code   242  usbd_ctlreq.o(i.USBD_StdDevReq)
    USBD_StdEPReq                            0x08002d6d   Thumb Code   220  usbd_ctlreq.o(i.USBD_StdEPReq)
    USBD_StdItfReq                           0x08002e49   Thumb Code    52  usbd_ctlreq.o(i.USBD_StdItfReq)
    USB_ActivateEndpoint                     0x08002e7d   Thumb Code   122  stm32f4xx_ll_usb.o(i.USB_ActivateEndpoint)
    USB_ActivateSetup                        0x08002efd   Thumb Code    52  stm32f4xx_ll_usb.o(i.USB_ActivateSetup)
    USB_CoreInit                             0x08002f31   Thumb Code   104  stm32f4xx_ll_usb.o(i.USB_CoreInit)
    USB_DeactivateEndpoint                   0x08002fd5   Thumb Code   196  stm32f4xx_ll_usb.o(i.USB_DeactivateEndpoint)
    USB_DevConnect                           0x0800309d   Thumb Code    24  stm32f4xx_ll_usb.o(i.USB_DevConnect)
    USB_DevDisconnect                        0x080030b5   Thumb Code    24  stm32f4xx_ll_usb.o(i.USB_DevDisconnect)
    USB_DevInit                              0x080030cd   Thumb Code   302  stm32f4xx_ll_usb.o(i.USB_DevInit)
    USB_DisableGlobalInt                     0x0800320d   Thumb Code    12  stm32f4xx_ll_usb.o(i.USB_DisableGlobalInt)
    USB_EP0StartXfer                         0x08003219   Thumb Code   316  stm32f4xx_ll_usb.o(i.USB_EP0StartXfer)
    USB_EP0_OutStart                         0x08003359   Thumb Code    62  stm32f4xx_ll_usb.o(i.USB_EP0_OutStart)
    USB_EPClearStall                         0x08003397   Thumb Code   100  stm32f4xx_ll_usb.o(i.USB_EPClearStall)
    USB_EPSetStall                           0x080033fb   Thumb Code    94  stm32f4xx_ll_usb.o(i.USB_EPSetStall)
    USB_EPStartXfer                          0x08003459   Thumb Code   534  stm32f4xx_ll_usb.o(i.USB_EPStartXfer)
    USB_EnableGlobalInt                      0x08003675   Thumb Code    12  stm32f4xx_ll_usb.o(i.USB_EnableGlobalInt)
    USB_FlushRxFifo                          0x08003681   Thumb Code    28  stm32f4xx_ll_usb.o(i.USB_FlushRxFifo)
    USB_FlushTxFifo                          0x080036a1   Thumb Code    32  stm32f4xx_ll_usb.o(i.USB_FlushTxFifo)
    USB_GetDevSpeed                          0x080036c5   Thumb Code    60  stm32f4xx_ll_usb.o(i.USB_GetDevSpeed)
    USB_GetMode                              0x08003701   Thumb Code     8  stm32f4xx_ll_usb.o(i.USB_GetMode)
    USB_ReadDevAllInEpInterrupt              0x08003709   Thumb Code    14  stm32f4xx_ll_usb.o(i.USB_ReadDevAllInEpInterrupt)
    USB_ReadDevAllOutEpInterrupt             0x08003717   Thumb Code    14  stm32f4xx_ll_usb.o(i.USB_ReadDevAllOutEpInterrupt)
    USB_ReadDevInEPInterrupt                 0x08003725   Thumb Code    30  stm32f4xx_ll_usb.o(i.USB_ReadDevInEPInterrupt)
    USB_ReadDevOutEPInterrupt                0x08003743   Thumb Code    16  stm32f4xx_ll_usb.o(i.USB_ReadDevOutEPInterrupt)
    USB_ReadInterrupts                       0x08003753   Thumb Code     8  stm32f4xx_ll_usb.o(i.USB_ReadInterrupts)
    USB_ReadPacket                           0x0800375b   Thumb Code    32  stm32f4xx_ll_usb.o(i.USB_ReadPacket)
    USB_SetCurrentMode                       0x0800377b   Thumb Code    44  stm32f4xx_ll_usb.o(i.USB_SetCurrentMode)
    USB_SetDevAddress                        0x080037a7   Thumb Code    34  stm32f4xx_ll_usb.o(i.USB_SetDevAddress)
    USB_WritePacket                          0x080037c9   Thumb Code    40  stm32f4xx_ll_usb.o(i.USB_WritePacket)
    UsageFault_Handler                       0x080037f1   Thumb Code     2  stm32f4xx_it.o(i.UsageFault_Handler)
    __0printf$5                              0x080037f5   Thumb Code    22  printf5.o(i.__0printf$5)
    __1printf$5                              0x080037f5   Thumb Code     0  printf5.o(i.__0printf$5)
    __2printf                                0x080037f5   Thumb Code     0  printf5.o(i.__0printf$5)
    __0sprintf$5                             0x08003815   Thumb Code    34  printf5.o(i.__0sprintf$5)
    __1sprintf$5                             0x08003815   Thumb Code     0  printf5.o(i.__0sprintf$5)
    __2sprintf                               0x08003815   Thumb Code     0  printf5.o(i.__0sprintf$5)
    __scatterload_copy                       0x0800383d   Thumb Code    14  handlers.o(i.__scatterload_copy)
    __scatterload_null                       0x0800384b   Thumb Code     2  handlers.o(i.__scatterload_null)
    __scatterload_zeroinit                   0x0800384d   Thumb Code    14  handlers.o(i.__scatterload_zeroinit)
    fputc                                    0x08003b29   Thumb Code    22  retarget_io.o(i.fputc)
    free                                     0x08003b49   Thumb Code    76  malloc.o(i.free)
    main                                     0x08003b99   Thumb Code   230  main.o(i.main)
    malloc                                   0x08003cb9   Thumb Code    92  malloc.o(i.malloc)
    AHBPrescTable                            0x08003d24   Data          16  system_stm32f4xx.o(.constdata)
    APBPrescTable                            0x08003d34   Data           8  system_stm32f4xx.o(.constdata)
    Region$$Table$$Base                      0x08003d3c   Number         0  anon$$obj.o(Region$$Table)
    Region$$Table$$Limit                     0x08003d5c   Number         0  anon$$obj.o(Region$$Table)
    x                                        0x20000000   Data           1  main.o(.data)
    pin                                      0x20000001   Data           1  main.o(.data)
    FS_Desc                                  0x20000004   Data          28  usbd_desc.o(.data)
    USBD_LangIDDesc                          0x20000020   Data           4  usbd_desc.o(.data)
    USBD_FS_DeviceDesc                       0x20000024   Data          18  usbd_desc.o(.data)
    USBD_Interface_fops_FS                   0x20000038   Data          16  usbd_cdc_if.o(.data)
    uwTickFreq                               0x20000048   Data           1  stm32f4xx_hal.o(.data)
    uwTickPrio                               0x2000004c   Data           4  stm32f4xx_hal.o(.data)
    uwTick                                   0x20000050   Data           4  stm32f4xx_hal.o(.data)
    SystemCoreClock                          0x20000054   Data           4  system_stm32f4xx.o(.data)
    USBD_CDC_CfgHSDesc                       0x2000006c   Data          67  usbd_cdc.o(.data)
    USBD_CDC_CfgFSDesc                       0x200000b0   Data          67  usbd_cdc.o(.data)
    USBD_CDC_OtherSpeedCfgDesc               0x200000f4   Data          67  usbd_cdc.o(.data)
    USBD_CDC                                 0x20000138   Data          56  usbd_cdc.o(.data)
    __stdout                                 0x20000170   Data           4  stdout.o(.data)
    __stderr                                 0x20000174   Data           4  stderr.o(.data)
    __microlib_freelist                      0x20000178   Data           4  mvars.o(.data)
    __microlib_freelist_initialised          0x2000017c   Data           4  mvars.o(.data)
    hi2c1                                    0x20000180   Data          84  main.o(.bss)
    hi2s3                                    0x200001d4   Data          72  main.o(.bss)
    hspi1                                    0x2000021c   Data          88  main.o(.bss)
    tx_buffer                                0x20000274   Data          64  main.o(.bss)
    rx_buffer                                0x200002b4   Data          64  main.o(.bss)
    hUsbDeviceFS                             0x200002f4   Data         548  usb_device.o(.bss)
    hpcd_USB_OTG_FS                          0x20000518   Data        1008  usbd_conf.o(.bss)
    USBD_StrDesc                             0x20000908   Data         512  usbd_desc.o(.bss)
    UserRxBufferFS                           0x20000b08   Data        2048  usbd_cdc_if.o(.bss)
    UserTxBufferFS                           0x20001308   Data        2048  usbd_cdc_if.o(.bss)
    __heap_base                              0x20001b08   Data           0  startup_stm32f407xx.o(HEAP)
    __heap_limit                             0x20001e08   Data           0  startup_stm32f407xx.o(HEAP)
    __initial_sp                             0x20002308   Data           0  startup_stm32f407xx.o(STACK)



==============================================================================

Memory Map of the image

  Image Entry point : 0x08000189

  Load Region LR_IROM1 (Base: 0x08000000, Size: 0x00003edc, Max: 0x00100000, ABSOLUTE, COMPRESSED[0x00003e1c])

    Execution Region ER_IROM1 (Exec base: 0x08000000, Load base: 0x08000000, Size: 0x00003d5c, Max: 0x00100000, ABSOLUTE)

    Exec Addr    Load Addr    Size         Type   Attr      Idx    E Section Name        Object

    0x08000000   0x08000000   0x00000188   Data   RO            3    RESET               startup_stm32f407xx.o
    0x08000188   0x08000188   0x00000000   Code   RO         3770  * .ARM.Collect$$$$00000000  mc_w.l(entry.o)
    0x08000188   0x08000188   0x00000004   Code   RO         4081    .ARM.Collect$$$$00000001  mc_w.l(entry2.o)
    0x0800018c   0x0800018c   0x00000004   Code   RO         4084    .ARM.Collect$$$$00000004  mc_w.l(entry5.o)
    0x08000190   0x08000190   0x00000000   Code   RO         4086    .ARM.Collect$$$$00000008  mc_w.l(entry7b.o)
    0x08000190   0x08000190   0x00000000   Code   RO         4088    .ARM.Collect$$$$0000000A  mc_w.l(entry8b.o)
    0x08000190   0x08000190   0x00000008   Code   RO         4089    .ARM.Collect$$$$0000000B  mc_w.l(entry9a.o)
    0x08000198   0x08000198   0x00000000   Code   RO         4091    .ARM.Collect$$$$0000000D  mc_w.l(entry10a.o)
    0x08000198   0x08000198   0x00000000   Code   RO         4093    .ARM.Collect$$$$0000000F  mc_w.l(entry11a.o)
    0x08000198   0x08000198   0x00000004   Code   RO         4082    .ARM.Collect$$$$00002712  mc_w.l(entry2.o)
    0x0800019c   0x0800019c   0x00000024   Code   RO            4    .text               startup_stm32f407xx.o
    0x080001c0   0x080001c0   0x00000062   Code   RO         3780    .text               mc_w.l(uldiv.o)
    0x08000222   0x08000222   0x00000024   Code   RO         3782    .text               mc_w.l(memcpya.o)
    0x08000246   0x08000246   0x00000024   Code   RO         3784    .text               mc_w.l(memseta.o)
    0x0800026a   0x0800026a   0x00000024   Code   RO         3786    .text               mc_w.l(strstr.o)
    0x0800028e   0x0800028e   0x0000000e   Code   RO         3788    .text               mc_w.l(strlen.o)
    0x0800029c   0x0800029c   0x0000001e   Code   RO         4097    .text               mc_w.l(llshl.o)
    0x080002ba   0x080002ba   0x00000020   Code   RO         4099    .text               mc_w.l(llushr.o)
    0x080002da   0x080002da   0x00000002   PAD
    0x080002dc   0x080002dc   0x00000024   Code   RO         4114    .text               mc_w.l(init.o)
    0x08000300   0x08000300   0x00000056   Code   RO         4128    .text               mc_w.l(__dczerorl2.o)
    0x08000356   0x08000356   0x00000002   Code   RO          549    i.BusFault_Handler  stm32f4xx_it.o
    0x08000358   0x08000358   0x00000004   Code   RO          497    i.CDC_Control_FS    usbd_cdc_if.o
    0x0800035c   0x0800035c   0x00000004   Code   RO          498    i.CDC_DeInit_FS     usbd_cdc_if.o
    0x08000360   0x08000360   0x00000024   Code   RO          499    i.CDC_Init_FS       usbd_cdc_if.o
    0x08000384   0x08000384   0x0000002c   Code   RO          500    i.CDC_Receive_FS    usbd_cdc_if.o
    0x080003b0   0x080003b0   0x0000002c   Code   RO          501    i.CDC_Transmit_FS   usbd_cdc_if.o
    0x080003dc   0x080003dc   0x00000002   Code   RO          550    i.DebugMon_Handler  stm32f4xx_it.o
    0x080003de   0x080003de   0x00000002   Code   RO           13    i.Error_Handler     main.o
    0x080003e0   0x080003e0   0x00000024   Code   RO         3132    i.HAL_Delay         stm32f4xx_hal.o
    0x08000404   0x08000404   0x000001b0   Code   RO         2606    i.HAL_GPIO_Init     stm32f4xx_hal_gpio.o
    0x080005b4   0x080005b4   0x0000000a   Code   RO         2610    i.HAL_GPIO_WritePin  stm32f4xx_hal_gpio.o
    0x080005be   0x080005be   0x00000002   PAD
    0x080005c0   0x080005c0   0x0000000c   Code   RO         3138    i.HAL_GetTick       stm32f4xx_hal.o
    0x080005cc   0x080005cc   0x00000108   Code   RO         1230    i.HAL_I2C_Init      stm32f4xx_hal_i2c.o
    0x080006d4   0x080006d4   0x0000006c   Code   RO          632    i.HAL_I2C_MspInit   stm32f4xx_hal_msp.o
    0x08000740   0x08000740   0x000001e4   Code   RO         1814    i.HAL_I2SEx_FullDuplex_IRQHandler  stm32f4xx_hal_i2s_ex.o
    0x08000924   0x08000924   0x00000002   Code   RO         1818    i.HAL_I2SEx_TxRxCpltCallback  stm32f4xx_hal_i2s_ex.o
    0x08000926   0x08000926   0x00000002   Code   RO         1639    i.HAL_I2S_ErrorCallback  stm32f4xx_hal_i2s.o
    0x08000928   0x08000928   0x00000180   Code   RO         1643    i.HAL_I2S_Init      stm32f4xx_hal_i2s.o
    0x08000aa8   0x08000aa8   0x00000090   Code   RO          634    i.HAL_I2S_MspInit   stm32f4xx_hal_msp.o
    0x08000b38   0x08000b38   0x00000002   Code   RO         1649    i.HAL_I2S_RxCpltCallback  stm32f4xx_hal_i2s.o
    0x08000b3a   0x08000b3a   0x00000002   Code   RO         1654    i.HAL_I2S_TxCpltCallback  stm32f4xx_hal_i2s.o
    0x08000b3c   0x08000b3c   0x00000010   Code   RO         3142    i.HAL_IncTick       stm32f4xx_hal.o
    0x08000b4c   0x08000b4c   0x00000034   Code   RO         3143    i.HAL_Init          stm32f4xx_hal.o
    0x08000b80   0x08000b80   0x00000040   Code   RO         3144    i.HAL_InitTick      stm32f4xx_hal.o
    0x08000bc0   0x08000bc0   0x00000034   Code   RO          635    i.HAL_MspInit       stm32f4xx_hal_msp.o
    0x08000bf4   0x08000bf4   0x00000016   Code   RO         2995    i.HAL_NVIC_EnableIRQ  stm32f4xx_hal_cortex.o
    0x08000c0a   0x08000c0a   0x00000002   PAD
    0x08000c0c   0x08000c0c   0x00000040   Code   RO         3001    i.HAL_NVIC_SetPriority  stm32f4xx_hal_cortex.o
    0x08000c4c   0x08000c4c   0x00000024   Code   RO         3002    i.HAL_NVIC_SetPriorityGrouping  stm32f4xx_hal_cortex.o
    0x08000c70   0x08000c70   0x00000008   Code   RO          906    i.HAL_PCDEx_SetRxFiFo  stm32f4xx_hal_pcd_ex.o
    0x08000c78   0x08000c78   0x00000044   Code   RO          907    i.HAL_PCDEx_SetTxFiFo  stm32f4xx_hal_pcd_ex.o
    0x08000cbc   0x08000cbc   0x00000008   Code   RO          240    i.HAL_PCD_ConnectCallback  usbd_conf.o
    0x08000cc4   0x08000cc4   0x00000012   Code   RO          241    i.HAL_PCD_DataInStageCallback  usbd_conf.o
    0x08000cd6   0x08000cd6   0x00000014   Code   RO          242    i.HAL_PCD_DataOutStageCallback  usbd_conf.o
    0x08000cea   0x08000cea   0x00000008   Code   RO          243    i.HAL_PCD_DisconnectCallback  usbd_conf.o
    0x08000cf2   0x08000cf2   0x00000044   Code   RO          700    i.HAL_PCD_EP_Close  stm32f4xx_hal_pcd.o
    0x08000d36   0x08000d36   0x00000050   Code   RO          701    i.HAL_PCD_EP_ClrStall  stm32f4xx_hal_pcd.o
    0x08000d86   0x08000d86   0x00000014   Code   RO          703    i.HAL_PCD_EP_GetRxCount  stm32f4xx_hal_pcd.o
    0x08000d9a   0x08000d9a   0x00000054   Code   RO          704    i.HAL_PCD_EP_Open   stm32f4xx_hal_pcd.o
    0x08000dee   0x08000dee   0x00000048   Code   RO          705    i.HAL_PCD_EP_Receive  stm32f4xx_hal_pcd.o
    0x08000e36   0x08000e36   0x00000060   Code   RO          706    i.HAL_PCD_EP_SetStall  stm32f4xx_hal_pcd.o
    0x08000e96   0x08000e96   0x00000040   Code   RO          707    i.HAL_PCD_EP_Transmit  stm32f4xx_hal_pcd.o
    0x08000ed6   0x08000ed6   0x00000002   PAD
    0x08000ed8   0x08000ed8   0x000004f4   Code   RO          709    i.HAL_PCD_IRQHandler  stm32f4xx_hal_pcd.o
    0x080013cc   0x080013cc   0x00000008   Code   RO          244    i.HAL_PCD_ISOINIncompleteCallback  usbd_conf.o
    0x080013d4   0x080013d4   0x00000008   Code   RO          245    i.HAL_PCD_ISOOUTIncompleteCallback  usbd_conf.o
    0x080013dc   0x080013dc   0x000000be   Code   RO          712    i.HAL_PCD_Init      stm32f4xx_hal_pcd.o
    0x0800149a   0x0800149a   0x00000002   PAD
    0x0800149c   0x0800149c   0x00000078   Code   RO          247    i.HAL_PCD_MspInit   usbd_conf.o
    0x08001514   0x08001514   0x00000020   Code   RO          248    i.HAL_PCD_ResetCallback  usbd_conf.o
    0x08001534   0x08001534   0x00000008   Code   RO          249    i.HAL_PCD_ResumeCallback  usbd_conf.o
    0x0800153c   0x0800153c   0x00000008   Code   RO          250    i.HAL_PCD_SOFCallback  usbd_conf.o
    0x08001544   0x08001544   0x00000024   Code   RO          718    i.HAL_PCD_SetAddress  stm32f4xx_hal_pcd.o
    0x08001568   0x08001568   0x0000000e   Code   RO          251    i.HAL_PCD_SetupStageCallback  usbd_conf.o
    0x08001576   0x08001576   0x0000002a   Code   RO          720    i.HAL_PCD_Start     stm32f4xx_hal_pcd.o
    0x080015a0   0x080015a0   0x00000030   Code   RO          252    i.HAL_PCD_SuspendCallback  usbd_conf.o
    0x080015d0   0x080015d0   0x0000005c   Code   RO         2356    i.HAL_RCCEx_GetPeriphCLKFreq  stm32f4xx_hal_rcc_ex.o
    0x0800162c   0x0800162c   0x0000013c   Code   RO         2357    i.HAL_RCCEx_PeriphCLKConfig  stm32f4xx_hal_rcc_ex.o
    0x08001768   0x08001768   0x00000130   Code   RO         2252    i.HAL_RCC_ClockConfig  stm32f4xx_hal_rcc.o
    0x08001898   0x08001898   0x0000000c   Code   RO         2257    i.HAL_RCC_GetHCLKFreq  stm32f4xx_hal_rcc.o
    0x080018a4   0x080018a4   0x00000020   Code   RO         2259    i.HAL_RCC_GetPCLK1Freq  stm32f4xx_hal_rcc.o
    0x080018c4   0x080018c4   0x00000060   Code   RO         2261    i.HAL_RCC_GetSysClockFreq  stm32f4xx_hal_rcc.o
    0x08001924   0x08001924   0x0000031c   Code   RO         2264    i.HAL_RCC_OscConfig  stm32f4xx_hal_rcc.o
    0x08001c40   0x08001c40   0x00000080   Code   RO         1909    i.HAL_SPI_Init      stm32f4xx_hal_spi.o
    0x08001cc0   0x08001cc0   0x00000068   Code   RO          637    i.HAL_SPI_MspInit   stm32f4xx_hal_msp.o
    0x08001d28   0x08001d28   0x00000028   Code   RO         3006    i.HAL_SYSTICK_Config  stm32f4xx_hal_cortex.o
    0x08001d50   0x08001d50   0x00000002   Code   RO          551    i.HardFault_Handler  stm32f4xx_it.o
    0x08001d52   0x08001d52   0x00000002   PAD
    0x08001d54   0x08001d54   0x00000088   Code   RO         1820    i.I2SEx_FullDuplexRx_IT  stm32f4xx_hal_i2s_ex.o
    0x08001ddc   0x08001ddc   0x00000084   Code   RO         1821    i.I2SEx_FullDuplexTx_IT  stm32f4xx_hal_i2s_ex.o
    0x08001e60   0x08001e60   0x000000f0   Code   RO         1661    i.I2S_IRQHandler    stm32f4xx_hal_i2s.o
    0x08001f50   0x08001f50   0x00000024   Code   RO         3701    i.ITM_SendChar      retarget_io.o
    0x08001f74   0x08001f74   0x00000164   Code   RO           14    i.MX_GPIO_Init      main.o
    0x080020d8   0x080020d8   0x00000034   Code   RO           15    i.MX_SPI1_Init      main.o
    0x0800210c   0x0800210c   0x00000038   Code   RO          209    i.MX_USB_DEVICE_Init  usb_device.o
    0x08002144   0x08002144   0x00000002   Code   RO          552    i.MemManage_Handler  stm32f4xx_it.o
    0x08002146   0x08002146   0x00000002   Code   RO          553    i.NMI_Handler       stm32f4xx_it.o
    0x08002148   0x08002148   0x00000020   Code   RO         3008    i.NVIC_SetPriority  stm32f4xx_hal_cortex.o
    0x08002168   0x08002168   0x0000000c   Code   RO          554    i.OTG_FS_IRQHandler  stm32f4xx_it.o
    0x08002174   0x08002174   0x00000088   Code   RO          723    i.PCD_WriteEmptyTxFifo  stm32f4xx_hal_pcd.o
    0x080021fc   0x080021fc   0x00000002   Code   RO          555    i.PendSV_Handler    stm32f4xx_it.o
    0x080021fe   0x080021fe   0x00000002   Code   RO          556    i.SVC_Handler       stm32f4xx_it.o
    0x08002200   0x08002200   0x00000004   Code   RO          557    i.SysTick_Handler   stm32f4xx_it.o
    0x08002204   0x08002204   0x0000009c   Code   RO           16    i.SystemClock_Config  main.o
    0x080022a0   0x080022a0   0x00000054   Code   RO         3297    i.SystemInit        system_stm32f4xx.o
    0x080022f4   0x080022f4   0x00000014   Code   RO         3597    i.USBD_CDC_DataIn   usbd_cdc.o
    0x08002308   0x08002308   0x0000002e   Code   RO         3598    i.USBD_CDC_DataOut  usbd_cdc.o
    0x08002336   0x08002336   0x0000003c   Code   RO         3599    i.USBD_CDC_DeInit   usbd_cdc.o
    0x08002372   0x08002372   0x00000024   Code   RO         3600    i.USBD_CDC_EP0_RxReady  usbd_cdc.o
    0x08002396   0x08002396   0x00000002   PAD
    0x08002398   0x08002398   0x0000000c   Code   RO         3601    i.USBD_CDC_GetDeviceQualifierDescriptor  usbd_cdc.o
    0x080023a4   0x080023a4   0x0000000c   Code   RO         3602    i.USBD_CDC_GetFSCfgDesc  usbd_cdc.o
    0x080023b0   0x080023b0   0x0000000c   Code   RO         3603    i.USBD_CDC_GetHSCfgDesc  usbd_cdc.o
    0x080023bc   0x080023bc   0x0000000c   Code   RO         3604    i.USBD_CDC_GetOtherSpeedCfgDesc  usbd_cdc.o
    0x080023c8   0x080023c8   0x00000088   Code   RO         3605    i.USBD_CDC_Init     usbd_cdc.o
    0x08002450   0x08002450   0x00000028   Code   RO         3606    i.USBD_CDC_ReceivePacket  usbd_cdc.o
    0x08002478   0x08002478   0x00000010   Code   RO         3607    i.USBD_CDC_RegisterInterface  usbd_cdc.o
    0x08002488   0x08002488   0x0000000c   Code   RO         3608    i.USBD_CDC_SetRxBuffer  usbd_cdc.o
    0x08002494   0x08002494   0x00000010   Code   RO         3609    i.USBD_CDC_SetTxBuffer  usbd_cdc.o
    0x080024a4   0x080024a4   0x00000070   Code   RO         3610    i.USBD_CDC_Setup    usbd_cdc.o
    0x08002514   0x08002514   0x00000030   Code   RO         3611    i.USBD_CDC_TransmitPacket  usbd_cdc.o
    0x08002544   0x08002544   0x0000000e   Code   RO         3334    i.USBD_ClrClassConfig  usbd_core.o
    0x08002552   0x08002552   0x00000010   Code   RO         3537    i.USBD_CtlContinueRx  usbd_ioreq.o
    0x08002562   0x08002562   0x00000010   Code   RO         3538    i.USBD_CtlContinueSendData  usbd_ioreq.o
    0x08002572   0x08002572   0x00000016   Code   RO         3472    i.USBD_CtlError     usbd_ctlreq.o
    0x08002588   0x08002588   0x0000001e   Code   RO         3539    i.USBD_CtlPrepareRx  usbd_ioreq.o
    0x080025a6   0x080025a6   0x00000016   Code   RO         3540    i.USBD_CtlReceiveStatus  usbd_ioreq.o
    0x080025bc   0x080025bc   0x0000001a   Code   RO         3541    i.USBD_CtlSendData  usbd_ioreq.o
    0x080025d6   0x080025d6   0x00000016   Code   RO         3542    i.USBD_CtlSendStatus  usbd_ioreq.o
    0x080025ec   0x080025ec   0x00000020   Code   RO          429    i.USBD_FS_ConfigStrDescriptor  usbd_desc.o
    0x0800260c   0x0800260c   0x0000000c   Code   RO          430    i.USBD_FS_DeviceDescriptor  usbd_desc.o
    0x08002618   0x08002618   0x00000024   Code   RO          431    i.USBD_FS_InterfaceStrDescriptor  usbd_desc.o
    0x0800263c   0x0800263c   0x0000000c   Code   RO          432    i.USBD_FS_LangIDStrDescriptor  usbd_desc.o
    0x08002648   0x08002648   0x00000028   Code   RO          433    i.USBD_FS_ManufacturerStrDescriptor  usbd_desc.o
    0x08002670   0x08002670   0x0000002c   Code   RO          434    i.USBD_FS_ProductStrDescriptor  usbd_desc.o
    0x0800269c   0x0800269c   0x00000024   Code   RO          435    i.USBD_FS_SerialStrDescriptor  usbd_desc.o
    0x080026c0   0x080026c0   0x000000e0   Code   RO         3473    i.USBD_GetDescriptor  usbd_ctlreq.o
    0x080027a0   0x080027a0   0x00000046   Code   RO         3474    i.USBD_GetString    usbd_ctlreq.o
    0x080027e6   0x080027e6   0x0000002a   Code   RO         3336    i.USBD_Init         usbd_core.o
    0x08002810   0x08002810   0x00000020   Code   RO          253    i.USBD_LL_ClearStallEP  usbd_conf.o
    0x08002830   0x08002830   0x00000020   Code   RO          254    i.USBD_LL_CloseEP   usbd_conf.o
    0x08002850   0x08002850   0x000000aa   Code   RO         3337    i.USBD_LL_DataInStage  usbd_core.o
    0x080028fa   0x080028fa   0x0000006a   Code   RO         3338    i.USBD_LL_DataOutStage  usbd_core.o
    0x08002964   0x08002964   0x00000004   Code   RO         3339    i.USBD_LL_DevConnected  usbd_core.o
    0x08002968   0x08002968   0x00000016   Code   RO         3340    i.USBD_LL_DevDisconnected  usbd_core.o
    0x0800297e   0x0800297e   0x00000008   Code   RO          258    i.USBD_LL_GetRxDataSize  usbd_conf.o
    0x08002986   0x08002986   0x00000002   PAD
    0x08002988   0x08002988   0x00000064   Code   RO          259    i.USBD_LL_Init      usbd_conf.o
    0x080029ec   0x080029ec   0x00000020   Code   RO          260    i.USBD_LL_IsStallEP  usbd_conf.o
    0x08002a0c   0x08002a0c   0x00000004   Code   RO         3341    i.USBD_LL_IsoINIncomplete  usbd_core.o
    0x08002a10   0x08002a10   0x00000004   Code   RO         3342    i.USBD_LL_IsoOUTIncomplete  usbd_core.o
    0x08002a14   0x08002a14   0x00000026   Code   RO          261    i.USBD_LL_OpenEP    usbd_conf.o
    0x08002a3a   0x08002a3a   0x00000020   Code   RO          262    i.USBD_LL_PrepareReceive  usbd_conf.o
    0x08002a5a   0x08002a5a   0x0000003e   Code   RO         3343    i.USBD_LL_Reset     usbd_core.o
    0x08002a98   0x08002a98   0x0000000c   Code   RO         3344    i.USBD_LL_Resume    usbd_core.o
    0x08002aa4   0x08002aa4   0x00000018   Code   RO         3345    i.USBD_LL_SOF       usbd_core.o
    0x08002abc   0x08002abc   0x00000006   Code   RO         3346    i.USBD_LL_SetSpeed  usbd_core.o
    0x08002ac2   0x08002ac2   0x00000020   Code   RO          263    i.USBD_LL_SetUSBAddress  usbd_conf.o
    0x08002ae2   0x08002ae2   0x0000005a   Code   RO         3347    i.USBD_LL_SetupStage  usbd_core.o
    0x08002b3c   0x08002b3c   0x00000020   Code   RO          264    i.USBD_LL_StallEP   usbd_conf.o
    0x08002b5c   0x08002b5c   0x00000020   Code   RO          265    i.USBD_LL_Start     usbd_conf.o
    0x08002b7c   0x08002b7c   0x00000012   Code   RO         3348    i.USBD_LL_Suspend   usbd_core.o
    0x08002b8e   0x08002b8e   0x00000020   Code   RO          267    i.USBD_LL_Transmit  usbd_conf.o
    0x08002bae   0x08002bae   0x00000028   Code   RO         3475    i.USBD_ParseSetupRequest  usbd_ctlreq.o
    0x08002bd6   0x08002bd6   0x00000010   Code   RO         3349    i.USBD_RegisterClass  usbd_core.o
    0x08002be6   0x08002be6   0x00000016   Code   RO         3351    i.USBD_SetClassConfig  usbd_core.o
    0x08002bfc   0x08002bfc   0x00000074   Code   RO         3476    i.USBD_SetConfig    usbd_ctlreq.o
    0x08002c70   0x08002c70   0x0000000a   Code   RO         3352    i.USBD_Start        usbd_core.o
    0x08002c7a   0x08002c7a   0x000000f2   Code   RO         3477    i.USBD_StdDevReq    usbd_ctlreq.o
    0x08002d6c   0x08002d6c   0x000000dc   Code   RO         3478    i.USBD_StdEPReq     usbd_ctlreq.o
    0x08002e48   0x08002e48   0x00000034   Code   RO         3479    i.USBD_StdItfReq    usbd_ctlreq.o
    0x08002e7c   0x08002e7c   0x00000080   Code   RO          937    i.USB_ActivateEndpoint  stm32f4xx_ll_usb.o
    0x08002efc   0x08002efc   0x00000034   Code   RO          938    i.USB_ActivateSetup  stm32f4xx_ll_usb.o
    0x08002f30   0x08002f30   0x0000006c   Code   RO          940    i.USB_CoreInit      stm32f4xx_ll_usb.o
    0x08002f9c   0x08002f9c   0x00000038   Code   RO          941    i.USB_CoreReset     stm32f4xx_ll_usb.o
    0x08002fd4   0x08002fd4   0x000000c8   Code   RO          943    i.USB_DeactivateEndpoint  stm32f4xx_ll_usb.o
    0x0800309c   0x0800309c   0x00000018   Code   RO          944    i.USB_DevConnect    stm32f4xx_ll_usb.o
    0x080030b4   0x080030b4   0x00000018   Code   RO          945    i.USB_DevDisconnect  stm32f4xx_ll_usb.o
    0x080030cc   0x080030cc   0x00000140   Code   RO          946    i.USB_DevInit       stm32f4xx_ll_usb.o
    0x0800320c   0x0800320c   0x0000000c   Code   RO          947    i.USB_DisableGlobalInt  stm32f4xx_ll_usb.o
    0x08003218   0x08003218   0x00000140   Code   RO          950    i.USB_EP0StartXfer  stm32f4xx_ll_usb.o
    0x08003358   0x08003358   0x0000003e   Code   RO          951    i.USB_EP0_OutStart  stm32f4xx_ll_usb.o
    0x08003396   0x08003396   0x00000064   Code   RO          952    i.USB_EPClearStall  stm32f4xx_ll_usb.o
    0x080033fa   0x080033fa   0x0000005e   Code   RO          953    i.USB_EPSetStall    stm32f4xx_ll_usb.o
    0x08003458   0x08003458   0x0000021c   Code   RO          954    i.USB_EPStartXfer   stm32f4xx_ll_usb.o
    0x08003674   0x08003674   0x0000000c   Code   RO          955    i.USB_EnableGlobalInt  stm32f4xx_ll_usb.o
    0x08003680   0x08003680   0x00000020   Code   RO          956    i.USB_FlushRxFifo   stm32f4xx_ll_usb.o
    0x080036a0   0x080036a0   0x00000024   Code   RO          957    i.USB_FlushTxFifo   stm32f4xx_ll_usb.o
    0x080036c4   0x080036c4   0x0000003c   Code   RO          959    i.USB_GetDevSpeed   stm32f4xx_ll_usb.o
    0x08003700   0x08003700   0x00000008   Code   RO          961    i.USB_GetMode       stm32f4xx_ll_usb.o
    0x08003708   0x08003708   0x0000000e   Code   RO          968    i.USB_ReadDevAllInEpInterrupt  stm32f4xx_ll_usb.o
    0x08003716   0x08003716   0x0000000e   Code   RO          969    i.USB_ReadDevAllOutEpInterrupt  stm32f4xx_ll_usb.o
    0x08003724   0x08003724   0x0000001e   Code   RO          970    i.USB_ReadDevInEPInterrupt  stm32f4xx_ll_usb.o
    0x08003742   0x08003742   0x00000010   Code   RO          971    i.USB_ReadDevOutEPInterrupt  stm32f4xx_ll_usb.o
    0x08003752   0x08003752   0x00000008   Code   RO          972    i.USB_ReadInterrupts  stm32f4xx_ll_usb.o
    0x0800375a   0x0800375a   0x00000020   Code   RO          973    i.USB_ReadPacket    stm32f4xx_ll_usb.o
    0x0800377a   0x0800377a   0x0000002c   Code   RO          975    i.USB_SetCurrentMode  stm32f4xx_ll_usb.o
    0x080037a6   0x080037a6   0x00000022   Code   RO          976    i.USB_SetDevAddress  stm32f4xx_ll_usb.o
    0x080037c8   0x080037c8   0x00000028   Code   RO          980    i.USB_WritePacket   stm32f4xx_ll_usb.o
    0x080037f0   0x080037f0   0x00000002   Code   RO          558    i.UsageFault_Handler  stm32f4xx_it.o
    0x080037f2   0x080037f2   0x00000002   PAD
    0x080037f4   0x080037f4   0x00000020   Code   RO         3925    i.__0printf$5       mc_w.l(printf5.o)
    0x08003814   0x08003814   0x00000028   Code   RO         3927    i.__0sprintf$5      mc_w.l(printf5.o)
    0x0800383c   0x0800383c   0x0000000e   Code   RO         4122    i.__scatterload_copy  mc_w.l(handlers.o)
    0x0800384a   0x0800384a   0x00000002   Code   RO         4123    i.__scatterload_null  mc_w.l(handlers.o)
    0x0800384c   0x0800384c   0x0000000e   Code   RO         4124    i.__scatterload_zeroinit  mc_w.l(handlers.o)
    0x0800385a   0x0800385a   0x00000002   PAD
    0x0800385c   0x0800385c   0x000002c0   Code   RO         3932    i._printf_core      mc_w.l(printf5.o)
    0x08003b1c   0x08003b1c   0x0000000a   Code   RO         3934    i._sputc            mc_w.l(printf5.o)
    0x08003b26   0x08003b26   0x00000002   PAD
    0x08003b28   0x08003b28   0x00000020   Code   RO         3706    i.fputc             retarget_io.o
    0x08003b48   0x08003b48   0x00000050   Code   RO         4053    i.free              mc_w.l(malloc.o)
    0x08003b98   0x08003b98   0x00000120   Code   RO           17    i.main              main.o
    0x08003cb8   0x08003cb8   0x0000006c   Code   RO         4054    i.malloc            mc_w.l(malloc.o)
    0x08003d24   0x08003d24   0x00000010   Data   RO         3298    .constdata          system_stm32f4xx.o
    0x08003d34   0x08003d34   0x00000008   Data   RO         3299    .constdata          system_stm32f4xx.o
    0x08003d3c   0x08003d3c   0x00000020   Data   RO         4120    Region$$Table       anon$$obj.o


    Execution Region RW_IRAM1 (Exec base: 0x20000000, Load base: 0x08003d5c, Size: 0x00002308, Max: 0x00020000, ABSOLUTE, COMPRESSED[0x000000c0])

    Exec Addr    Load Addr    Size         Type   Attr      Idx    E Section Name        Object

    0x20000000   COMPRESSED   0x00000002   Data   RW           20    .data               main.o
    0x20000002   COMPRESSED   0x00000002   PAD
    0x20000004   COMPRESSED   0x0000001c   Data   RW          437    .data               usbd_desc.o
    0x20000020   COMPRESSED   0x00000016   Data   RW          438    .data               usbd_desc.o
    0x20000036   COMPRESSED   0x00000002   PAD
    0x20000038   COMPRESSED   0x00000010   Data   RW          503    .data               usbd_cdc_if.o
    0x20000048   COMPRESSED   0x0000000c   Data   RW         3150    .data               stm32f4xx_hal.o
    0x20000054   COMPRESSED   0x00000004   Data   RW         3300    .data               system_stm32f4xx.o
    0x20000058   COMPRESSED   0x00000001   Data   RW         3480    .data               usbd_ctlreq.o
    0x20000059   COMPRESSED   0x00000003   PAD
    0x2000005c   COMPRESSED   0x000000db   Data   RW         3612    .data               usbd_cdc.o
    0x20000137   COMPRESSED   0x00000001   PAD
    0x20000138   COMPRESSED   0x00000038   Data   RW         3613    .data               usbd_cdc.o
    0x20000170   COMPRESSED   0x00000004   Data   RW         3778    .data               mc_w.l(stdout.o)
    0x20000174   COMPRESSED   0x00000004   Data   RW         3779    .data               mc_w.l(stderr.o)
    0x20000178   COMPRESSED   0x00000004   Data   RW         4101    .data               mc_w.l(mvars.o)
    0x2000017c   COMPRESSED   0x00000004   Data   RW         4102    .data               mc_w.l(mvars.o)
    0x20000180        -       0x00000174   Zero   RW           18    .bss                main.o
    0x200002f4        -       0x00000224   Zero   RW          210    .bss                usb_device.o
    0x20000518        -       0x000003f0   Zero   RW          268    .bss                usbd_conf.o
    0x20000908        -       0x00000200   Zero   RW          436    .bss                usbd_desc.o
    0x20000b08        -       0x00001000   Zero   RW          502    .bss                usbd_cdc_if.o
    0x20001b08        -       0x00000300   Zero   RW            2    HEAP                startup_stm32f407xx.o
    0x20001e08        -       0x00000500   Zero   RW            1    STACK               startup_stm32f407xx.o


==============================================================================

Image component sizes


      Code (inc. data)   RO Data    RW Data    ZI Data      Debug   Object Name

       854        104          0          2        372     679015   main.o
        68         14          0          0          0       3435   retarget_io.o
        36          8        392          0       2048        824   startup_stm32f407xx.o
       180         28          0         12          0       4505   stm32f4xx_hal.o
       194         14          0          0          0      30343   stm32f4xx_hal_cortex.o
       442         44          0          0          0       2396   stm32f4xx_hal_gpio.o
       264         10          0          0          0       2963   stm32f4xx_hal_i2c.o
       630         18          0          0          0       4129   stm32f4xx_hal_i2s.o
       754         26          0          0          0       3559   stm32f4xx_hal_i2s_ex.o
       408         48          0          0          0       2984   stm32f4xx_hal_msp.o
      2156         72          0          0          0      11209   stm32f4xx_hal_pcd.o
        76          0          0          0          0       1816   stm32f4xx_hal_pcd_ex.o
      1240         70          0          0          0       4973   stm32f4xx_hal_rcc.o
       408         36          0          0          0       2245   stm32f4xx_hal_rcc_ex.o
       128          0          0          0          0       1191   stm32f4xx_hal_spi.o
        32          6          0          0          0       4446   stm32f4xx_it.o
      2420         56          0          0          0      20104   stm32f4xx_ll_usb.o
        84         18         24          4          0       1123   system_stm32f4xx.o
        56         18          0          0        548        704   usb_device.o
       590         22          0        275          0      12926   usbd_cdc.o
       132         28          0         16       4096       3350   usbd_cdc_if.o
       702         20          0          0       1008      14238   usbd_conf.o
       626          0          0          0          0      11830   usbd_core.o
       986         30          0          1          0       7900   usbd_ctlreq.o
       212        116          0         50        512       5051   usbd_desc.o
       132          0          0          0          0       4436   usbd_ioreq.o

    ----------------------------------------------------------------------
     13826        806        448        368       8584     841695   Object Totals
         0          0         32          0          0          0   (incl. Generated)
        16          0          0          8          0          0   (incl. Padding)

    ----------------------------------------------------------------------

      Code (inc. data)   RO Data    RW Data    ZI Data      Debug   Library Member Name

        86          0          0          0          0          0   __dczerorl2.o
         0          0          0          0          0          0   entry.o
         0          0          0          0          0          0   entry10a.o
         0          0          0          0          0          0   entry11a.o
         8          4          0          0          0          0   entry2.o
         4          0          0          0          0          0   entry5.o
         0          0          0          0          0          0   entry7b.o
         0          0          0          0          0          0   entry8b.o
         8          4          0          0          0          0   entry9a.o
        30          0          0          0          0          0   handlers.o
        36          8          0          0          0         68   init.o
        30          0          0          0          0         68   llshl.o
        32          0          0          0          0         68   llushr.o
       188         20          0          0          0        160   malloc.o
        36          0          0          0          0         68   memcpya.o
        36          0          0          0          0        108   memseta.o
         0          0          0          8          0          0   mvars.o
       786         62          0          0          0        336   printf5.o
         0          0          0          4          0          0   stderr.o
         0          0          0          4          0          0   stdout.o
        14          0          0          0          0         68   strlen.o
        36          0          0          0          0         80   strstr.o
        98          0          0          0          0         92   uldiv.o

    ----------------------------------------------------------------------
      1434         98          0         16          0       1116   Library Totals
         6          0          0          0          0          0   (incl. Padding)

    ----------------------------------------------------------------------

      Code (inc. data)   RO Data    RW Data    ZI Data      Debug   Library Name

      1428         98          0         16          0       1116   mc_w.l

    ----------------------------------------------------------------------
      1434         98          0         16          0       1116   Library Totals

    ----------------------------------------------------------------------

==============================================================================


      Code (inc. data)   RO Data    RW Data    ZI Data      Debug   

     15260        904        448        384       8584     825675   Grand Totals
     15260        904        448        192       8584     825675   ELF Image Totals (compressed)
     15260        904        448        192          0          0   ROM Totals

==============================================================================

    Total RO  Size (Code + RO Data)                15708 (  15.34kB)
    Total RW  Size (RW Data + ZI Data)              8968 (   8.76kB)
    Total ROM Size (Code + RO Data + RW Data)      15900 (  15.53kB)

==============================================================================

