../Core/Src/main.c:67:6:UART_Printf	272	static
../Core/Src/main.c:77:7:MCU_TemperatureCalculate	32	static
../Core/Src/main.c:91:5:main	24	static,ignoring_inline_asm
../Core/Src/main.c:152:6:SystemClock_Config	120	static
../Core/Src/main.c:212:13:MX_ADC3_Init	40	static
../Core/Src/main.c:270:13:MX_USART1_UART_Init	8	static
../Core/Src/main.c:318:13:MX_GPIO_Init	16	static
../Core/Src/main.c:337:6:MPU_Config	24	static
../Core/Src/main.c:372:6:HAL_TIM_PeriodElapsedCallback	16	static
../Core/Src/main.c:389:6:Error_Handler	4	static,ignoring_inline_asm
